13:23:23 **** Build of configuration Debug for project Lab 7 decimal to hex game ****
make -j8 all 
arm-none-eabi-gcc -mcpu=cortex-m4 -g3 -c -x assembler-with-cpp --specs=nano.specs -mfpu=fpv4-sp-d16 -mfloat-abi=hard -mthumb -o "Startup/startup_stm32f446retx.o" "../Startup/startup_stm32f446retx.s"
arm-none-eabi-gcc -mcpu=cortex-m4 -g3 -c -x assembler-with-cpp --specs=nano.specs -mfpu=fpv4-sp-d16 -mfloat-abi=hard -mthumb -o "Src/Convert.o" "../Src/Convert.s"
arm-none-eabi-gcc -mcpu=cortex-m4 -g3 -c -x assembler-with-cpp --specs=nano.specs -mfpu=fpv4-sp-d16 -mfloat-abi=hard -mthumb -o "Src/LED.o" "../Src/LED.s"
arm-none-eabi-gcc -mcpu=cortex-m4 -g3 -c -x assembler-with-cpp --specs=nano.specs -mfpu=fpv4-sp-d16 -mfloat-abi=hard -mthumb -o "Src/Lcd.o" "../Src/Lcd.s"
arm-none-eabi-gcc -mcpu=cortex-m4 -g3 -c -x assembler-with-cpp --specs=nano.specs -mfpu=fpv4-sp-d16 -mfloat-abi=hard -mthumb -o "Src/Main.o" "../Src/Main.s"
arm-none-eabi-gcc -mcpu=cortex-m4 -g3 -c -x assembler-with-cpp --specs=nano.specs -mfpu=fpv4-sp-d16 -mfloat-abi=hard -mthumb -o "Src/buzzer.o" "../Src/buzzer.s"
arm-none-eabi-gcc -mcpu=cortex-m4 -g3 -c -x assembler-with-cpp --specs=nano.specs -mfpu=fpv4-sp-d16 -mfloat-abi=hard -mthumb -o "Src/keypad.o" "../Src/keypad.s"
arm-none-eabi-gcc -o "Lab 7 decimal to hex game.elf" @"objects.list"   -mcpu=cortex-m4 -T"C:\School\Embedded 1\Lab 7 decimal to hex game\STM32F446RETX_FLASH.ld" --specs=nosys.specs -Wl,-Map="Lab 7 decimal to hex game.map" -Wl,--gc-sections -static --specs=nano.specs -mfpu=fpv4-sp-d16 -mfloat-abi=hard -mthumb -Wl,--start-group -lc -lm -Wl,--end-group
Finished building target: Lab 7 decimal to hex game.elf
 
arm-none-eabi-size   Lab\ 7\ decimal\ to\ hex\ game.elf 
arm-none-eabi-objdump -h -S  Lab\ 7\ decimal\ to\ hex\ game.elf  > "Lab 7 decimal to hex game.list"
   text	   data	    bss	    dec	    hex	filename
   2528	    116	   1564	   4208	   1070	Lab 7 decimal to hex game.elf
Finished building: default.size.stdout
 
Finished building: Lab 7 decimal to hex game.list
 
15:39:52 **** Build of configuration Debug for project Lab 7 decimal to hex game ****
make -j8 all 
arm-none-eabi-gcc -mcpu=cortex-m4 -g3 -c -x assembler-with-cpp --specs=nano.specs -mfpu=fpv4-sp-d16 -mfloat-abi=hard -mthumb -o "Startup/startup_stm32f446retx.o" "../Startup/startup_stm32f446retx.s"
arm-none-eabi-gcc -mcpu=cortex-m4 -g3 -c -x assembler-with-cpp --specs=nano.specs -mfpu=fpv4-sp-d16 -mfloat-abi=hard -mthumb -o "Src/Convert.o" "../Src/Convert.s"
arm-none-eabi-gcc -mcpu=cortex-m4 -g3 -c -x assembler-with-cpp --specs=nano.specs -mfpu=fpv4-sp-d16 -mfloat-abi=hard -mthumb -o "Src/LED.o" "../Src/LED.s"
arm-none-eabi-gcc -mcpu=cortex-m4 -g3 -c -x assembler-with-cpp --specs=nano.specs -mfpu=fpv4-sp-d16 -mfloat-abi=hard -mthumb -o "Src/Lcd.o" "../Src/Lcd.s"
arm-none-eabi-gcc -mcpu=cortex-m4 -g3 -c -x assembler-with-cpp --specs=nano.specs -mfpu=fpv4-sp-d16 -mfloat-abi=hard -mthumb -o "Src/Main.o" "../Src/Main.s"
arm-none-eabi-gcc -mcpu=cortex-m4 -g3 -c -x assembler-with-cpp --specs=nano.specs -mfpu=fpv4-sp-d16 -mfloat-abi=hard -mthumb -o "Src/keypad.o" "../Src/keypad.s"
arm-none-eabi-gcc -mcpu=cortex-m4 -g3 -c -x assembler-with-cpp --specs=nano.specs -mfpu=fpv4-sp-d16 -mfloat-abi=hard -mthumb -o "Src/interupts.o" "../Src/interupts.s"
arm-none-eabi-gcc -mcpu=cortex-m4 -g3 -c -x assembler-with-cpp --specs=nano.specs -mfpu=fpv4-sp-d16 -mfloat-abi=hard -mthumb -o "Src/timer.o" "../Src/timer.s"
C:\Users\SINGKH~1\AppData\Local\Temp\ccaQa3fe.s: Assembler messages:
C:\Users\SINGKH~1\AppData\Local\Temp\ccaQa3fe.s: Error: symbol definition loop encountered at `EXTI0_IRQHandler'
C:\Users\SINGKH~1\AppData\Local\Temp\ccaQa3fe.s: Error: symbol definition loop encountered at `EXTI1_IRQHandler'
C:\Users\SINGKH~1\AppData\Local\Temp\ccaQa3fe.s: Error: symbol definition loop encountered at `EXTI2_IRQHandler'
C:\Users\SINGKH~1\AppData\Local\Temp\ccaQa3fe.s: Error: symbol definition loop encountered at `EXTI3_IRQHandler'
make: *** [Startup/subdir.mk:15: Startup/startup_stm32f446retx.o] Error 1
make: *** Waiting for unfinished jobs....
../Src/Lcd.s: Assembler messages:
../Src/Lcd.s:28: Error: bad expression
../Src/Lcd.s:28: Error: junk at end of line, first unrecognized character is `4'
make: *** [Src/subdir.mk:27: Src/Lcd.o] Error 1
../Src/Main.s: Assembler messages:
../Src/Main.s:60: Error: missing `}' -- `pop {r1 pc}'
../Src/Main.s:171: Error: bad instruction `asciz "Best T: "'
make: *** [Src/subdir.mk:27: Src/Main.o] Error 1
../Src/keypad.s: Assembler messages:
../Src/keypad.s:48: Error: cannot represent T32_OFFSET_IMM relocation in this object file format
../Src/keypad.s:51: Error: cannot represent T32_OFFSET_IMM relocation in this object file format
make: *** [Src/subdir.mk:27: Src/keypad.o] Error 1
../Src/interupts.s: Assembler messages:
../Src/interupts.s:85: Error: bad expression -- `mov r12,=key_pressed'
../Src/interupts.s:98: Error: bad expression -- `mov r12,=key_pressed'
../Src/interupts.s:111: Error: bad expression -- `mov r12,=key_pressed'
../Src/interupts.s:124: Error: bad expression -- `mov r12,=key_pressed'
../Src/interupts.s:62: Error: invalid constant (115c0) after fixup
../Src/timer.s: Assembler messages:
../Src/timer.s:120: Error: bad instruction `piezio_setup'
../Src/timer.s:124: Error: bad expression -- `mov r12,=RCC_BASE'
make: *** [Src/subdir.mk:27: Src/interupts.o] Error 1
make: *** [Src/subdir.mk:27: Src/timer.o] Error 1
"make -j8 all" terminated with exit code 2. Build might be incomplete.
15:40:43 **** Incremental Build of configuration Debug for project Lab 7 decimal to hex game ****
make -j8 all 
arm-none-eabi-gcc -mcpu=cortex-m4 -g3 -c -x assembler-with-cpp --specs=nano.specs -mfpu=fpv4-sp-d16 -mfloat-abi=hard -mthumb -o "Startup/startup_stm32f446retx.o" "../Startup/startup_stm32f446retx.s"
arm-none-eabi-gcc -mcpu=cortex-m4 -g3 -c -x assembler-with-cpp --specs=nano.specs -mfpu=fpv4-sp-d16 -mfloat-abi=hard -mthumb -o "Src/Lcd.o" "../Src/Lcd.s"
arm-none-eabi-gcc -mcpu=cortex-m4 -g3 -c -x assembler-with-cpp --specs=nano.specs -mfpu=fpv4-sp-d16 -mfloat-abi=hard -mthumb -o "Src/Main.o" "../Src/Main.s"
arm-none-eabi-gcc -mcpu=cortex-m4 -g3 -c -x assembler-with-cpp --specs=nano.specs -mfpu=fpv4-sp-d16 -mfloat-abi=hard -mthumb -o "Src/interupts.o" "../Src/interupts.s"
arm-none-eabi-gcc -mcpu=cortex-m4 -g3 -c -x assembler-with-cpp --specs=nano.specs -mfpu=fpv4-sp-d16 -mfloat-abi=hard -mthumb -o "Src/keypad.o" "../Src/keypad.s"
arm-none-eabi-gcc -mcpu=cortex-m4 -g3 -c -x assembler-with-cpp --specs=nano.specs -mfpu=fpv4-sp-d16 -mfloat-abi=hard -mthumb -o "Src/timer.o" "../Src/timer.s"
C:\Users\SINGKH~1\AppData\Local\Temp\ccl6KXPe.s: Assembler messages:
C:\Users\SINGKH~1\AppData\Local\Temp\ccl6KXPe.s: Error: symbol definition loop encountered at `EXTI0_IRQHandler'
C:\Users\SINGKH~1\AppData\Local\Temp\ccl6KXPe.s: Error: symbol definition loop encountered at `EXTI1_IRQHandler'
C:\Users\SINGKH~1\AppData\Local\Temp\ccl6KXPe.s: Error: symbol definition loop encountered at `EXTI2_IRQHandler'
C:\Users\SINGKH~1\AppData\Local\Temp\ccl6KXPe.s: Error: symbol definition loop encountered at `EXTI3_IRQHandler'
make: *** [Startup/subdir.mk:15: Startup/startup_stm32f446retx.o] Error 1
make: *** Waiting for unfinished jobs....
../Src/Main.s: Assembler messages:
../Src/Main.s:60: Error: missing `}' -- `pop {r1 pc}'
../Src/Main.s:171: Error: bad instruction `asciz "Best T: "'
make: *** [Src/subdir.mk:27: Src/Main.o] Error 1
../Src/interupts.s: Assembler messages:
../Src/interupts.s:85: Error: bad expression -- `mov r12,=key_pressed'
../Src/interupts.s:98: Error: bad expression -- `mov r12,=key_pressed'
../Src/interupts.s:111: Error: bad expression -- `mov r12,=key_pressed'
../Src/interupts.s:124: Error: bad expression -- `mov r12,=key_pressed'
../Src/interupts.s:62: Error: invalid constant (115c0) after fixup
../Src/keypad.s: Assembler messages:
../Src/keypad.s:48: Error: cannot represent T32_OFFSET_IMM relocation in this object file format
../Src/keypad.s:51: Error: cannot represent T32_OFFSET_IMM relocation in this object file format
make: *** [Src/subdir.mk:27: Src/interupts.o] Error 1
make: *** [Src/subdir.mk:27: Src/keypad.o] Error 1
../Src/timer.s: Assembler messages:
../Src/timer.s:120: Error: bad instruction `piezio_setup'
../Src/timer.s:124: Error: bad expression -- `mov r12,=RCC_BASE'
make: *** [Src/subdir.mk:27: Src/timer.o] Error 1
"make -j8 all" terminated with exit code 2. Build might be incomplete.
15:41:59 **** Incremental Build of configuration Debug for project Lab 7 decimal to hex game ****
make -j8 all 
arm-none-eabi-gcc -mcpu=cortex-m4 -g3 -c -x assembler-with-cpp --specs=nano.specs -mfpu=fpv4-sp-d16 -mfloat-abi=hard -mthumb -o "Startup/startup_stm32f446retx.o" "../Startup/startup_stm32f446retx.s"
arm-none-eabi-gcc -mcpu=cortex-m4 -g3 -c -x assembler-with-cpp --specs=nano.specs -mfpu=fpv4-sp-d16 -mfloat-abi=hard -mthumb -o "Src/Main.o" "../Src/Main.s"
arm-none-eabi-gcc -mcpu=cortex-m4 -g3 -c -x assembler-with-cpp --specs=nano.specs -mfpu=fpv4-sp-d16 -mfloat-abi=hard -mthumb -o "Src/interupts.o" "../Src/interupts.s"
arm-none-eabi-gcc -mcpu=cortex-m4 -g3 -c -x assembler-with-cpp --specs=nano.specs -mfpu=fpv4-sp-d16 -mfloat-abi=hard -mthumb -o "Src/keypad.o" "../Src/keypad.s"
arm-none-eabi-gcc -mcpu=cortex-m4 -g3 -c -x assembler-with-cpp --specs=nano.specs -mfpu=fpv4-sp-d16 -mfloat-abi=hard -mthumb -o "Src/timer.o" "../Src/timer.s"
C:\Users\SINGKH~1\AppData\Local\Temp\ccdIehgc.s: Assembler messages:
C:\Users\SINGKH~1\AppData\Local\Temp\ccdIehgc.s: Error: symbol definition loop encountered at `EXTI0_IRQHandler'
C:\Users\SINGKH~1\AppData\Local\Temp\ccdIehgc.s: Error: symbol definition loop encountered at `EXTI1_IRQHandler'
C:\Users\SINGKH~1\AppData\Local\Temp\ccdIehgc.s: Error: symbol definition loop encountered at `EXTI2_IRQHandler'
C:\Users\SINGKH~1\AppData\Local\Temp\ccdIehgc.s: Error: symbol definition loop encountered at `EXTI3_IRQHandler'
make: *** [Startup/subdir.mk:15: Startup/startup_stm32f446retx.o] Error 1
make: *** Waiting for unfinished jobs....
../Src/interupts.s: Assembler messages:
../Src/interupts.s:62: Error: invalid constant (115c0) after fixup
make: *** [Src/subdir.mk:27: Src/interupts.o] Error 1
../Src/keypad.s: Assembler messages:
../Src/keypad.s:48: Error: cannot represent T32_OFFSET_IMM relocation in this object file format
../Src/keypad.s:51: Error: cannot represent T32_OFFSET_IMM relocation in this object file format
../Src/timer.s: Assembler messages:
../Src/timer.s:120: Error: bad instruction `piezio_setup'
../Src/timer.s:124: Error: bad expression -- `mov r12,=RCC_BASE'
make: *** [Src/subdir.mk:27: Src/keypad.o] Error 1
make: *** [Src/subdir.mk:27: Src/timer.o] Error 1
"make -j8 all" terminated with exit code 2. Build might be incomplete.
15:42:12 **** Incremental Build of configuration Debug for project Lab 7 decimal to hex game ****
make -j8 all 
arm-none-eabi-gcc -mcpu=cortex-m4 -g3 -c -x assembler-with-cpp --specs=nano.specs -mfpu=fpv4-sp-d16 -mfloat-abi=hard -mthumb -o "Startup/startup_stm32f446retx.o" "../Startup/startup_stm32f446retx.s"
arm-none-eabi-gcc -mcpu=cortex-m4 -g3 -c -x assembler-with-cpp --specs=nano.specs -mfpu=fpv4-sp-d16 -mfloat-abi=hard -mthumb -o "Src/interupts.o" "../Src/interupts.s"
arm-none-eabi-gcc -mcpu=cortex-m4 -g3 -c -x assembler-with-cpp --specs=nano.specs -mfpu=fpv4-sp-d16 -mfloat-abi=hard -mthumb -o "Src/keypad.o" "../Src/keypad.s"
arm-none-eabi-gcc -mcpu=cortex-m4 -g3 -c -x assembler-with-cpp --specs=nano.specs -mfpu=fpv4-sp-d16 -mfloat-abi=hard -mthumb -o "Src/timer.o" "../Src/timer.s"
C:\Users\SINGKH~1\AppData\Local\Temp\ccKU3uR7.s: Assembler messages:
C:\Users\SINGKH~1\AppData\Local\Temp\ccKU3uR7.s: Error: symbol definition loop encountered at `EXTI0_IRQHandler'
C:\Users\SINGKH~1\AppData\Local\Temp\ccKU3uR7.s: Error: symbol definition loop encountered at `EXTI1_IRQHandler'
C:\Users\SINGKH~1\AppData\Local\Temp\ccKU3uR7.s: Error: symbol definition loop encountered at `EXTI2_IRQHandler'
C:\Users\SINGKH~1\AppData\Local\Temp\ccKU3uR7.s: Error: symbol definition loop encountered at `EXTI3_IRQHandler'
make: *** [Startup/subdir.mk:15: Startup/startup_stm32f446retx.o] Error 1
make: *** Waiting for unfinished jobs....
../Src/interupts.s: Assembler messages:
../Src/interupts.s:62: Error: invalid constant (115c0) after fixup
make: *** [Src/subdir.mk:27: Src/interupts.o] Error 1
../Src/keypad.s: Assembler messages:
../Src/keypad.s:48: Error: cannot represent T32_OFFSET_IMM relocation in this object file format
../Src/keypad.s:51: Error: cannot represent T32_OFFSET_IMM relocation in this object file format
make: *** [Src/subdir.mk:27: Src/keypad.o] Error 1
../Src/timer.s: Assembler messages:
../Src/timer.s:120: Error: bad instruction `piezio_setup'
make: *** [Src/subdir.mk:27: Src/timer.o] Error 1
"make -j8 all" terminated with exit code 2. Build might be incomplete.
15:42:27 **** Incremental Build of configuration Debug for project Lab 7 decimal to hex game ****
make -j8 all 
arm-none-eabi-gcc -mcpu=cortex-m4 -g3 -c -x assembler-with-cpp --specs=nano.specs -mfpu=fpv4-sp-d16 -mfloat-abi=hard -mthumb -o "Startup/startup_stm32f446retx.o" "../Startup/startup_stm32f446retx.s"
arm-none-eabi-gcc -mcpu=cortex-m4 -g3 -c -x assembler-with-cpp --specs=nano.specs -mfpu=fpv4-sp-d16 -mfloat-abi=hard -mthumb -o "Src/interupts.o" "../Src/interupts.s"
arm-none-eabi-gcc -mcpu=cortex-m4 -g3 -c -x assembler-with-cpp --specs=nano.specs -mfpu=fpv4-sp-d16 -mfloat-abi=hard -mthumb -o "Src/keypad.o" "../Src/keypad.s"
arm-none-eabi-gcc -mcpu=cortex-m4 -g3 -c -x assembler-with-cpp --specs=nano.specs -mfpu=fpv4-sp-d16 -mfloat-abi=hard -mthumb -o "Src/timer.o" "../Src/timer.s"
C:\Users\SINGKH~1\AppData\Local\Temp\ccXbqNe1.s: Assembler messages:
C:\Users\SINGKH~1\AppData\Local\Temp\ccXbqNe1.s: Error: symbol definition loop encountered at `EXTI0_IRQHandler'
C:\Users\SINGKH~1\AppData\Local\Temp\ccXbqNe1.s: Error: symbol definition loop encountered at `EXTI1_IRQHandler'
C:\Users\SINGKH~1\AppData\Local\Temp\ccXbqNe1.s: Error: symbol definition loop encountered at `EXTI2_IRQHandler'
C:\Users\SINGKH~1\AppData\Local\Temp\ccXbqNe1.s: Error: symbol definition loop encountered at `EXTI3_IRQHandler'
make: *** [Startup/subdir.mk:15: Startup/startup_stm32f446retx.o] Error 1
make: *** Waiting for unfinished jobs....
../Src/interupts.s: Assembler messages:
../Src/interupts.s:62: Error: invalid constant (115c0) after fixup
make: *** [Src/subdir.mk:27: Src/interupts.o] Error 1
../Src/keypad.s: Assembler messages:
../Src/keypad.s:48: Error: cannot represent T32_OFFSET_IMM relocation in this object file format
../Src/keypad.s:51: Error: cannot represent T32_OFFSET_IMM relocation in this object file format
make: *** [Src/subdir.mk:27: Src/keypad.o] Error 1
"make -j8 all" terminated with exit code 2. Build might be incomplete.
15:44:21 **** Incremental Build of configuration Debug for project Lab 7 decimal to hex game ****
make -j8 all 
arm-none-eabi-gcc -mcpu=cortex-m4 -g3 -c -x assembler-with-cpp --specs=nano.specs -mfpu=fpv4-sp-d16 -mfloat-abi=hard -mthumb -o "Startup/startup_stm32f446retx.o" "../Startup/startup_stm32f446retx.s"
arm-none-eabi-gcc -mcpu=cortex-m4 -g3 -c -x assembler-with-cpp --specs=nano.specs -mfpu=fpv4-sp-d16 -mfloat-abi=hard -mthumb -o "Src/interupts.o" "../Src/interupts.s"
arm-none-eabi-gcc -mcpu=cortex-m4 -g3 -c -x assembler-with-cpp --specs=nano.specs -mfpu=fpv4-sp-d16 -mfloat-abi=hard -mthumb -o "Src/keypad.o" "../Src/keypad.s"
C:\Users\SINGKH~1\AppData\Local\Temp\ccK7djyu.s: Assembler messages:
C:\Users\SINGKH~1\AppData\Local\Temp\ccK7djyu.s: Error: symbol definition loop encountered at `EXTI0_IRQHandler'
C:\Users\SINGKH~1\AppData\Local\Temp\ccK7djyu.s: Error: symbol definition loop encountered at `EXTI1_IRQHandler'
C:\Users\SINGKH~1\AppData\Local\Temp\ccK7djyu.s: Error: symbol definition loop encountered at `EXTI2_IRQHandler'
C:\Users\SINGKH~1\AppData\Local\Temp\ccK7djyu.s: Error: symbol definition loop encountered at `EXTI3_IRQHandler'
make: *** [Startup/subdir.mk:15: Startup/startup_stm32f446retx.o] Error 1
make: *** Waiting for unfinished jobs....
../Src/interupts.s: Assembler messages:
../Src/interupts.s:62: Error: invalid constant (115c0) after fixup
make: *** [Src/subdir.mk:27: Src/interupts.o] Error 1
../Src/keypad.s: Assembler messages:
../Src/keypad.s:49: Error: ']' expected -- `ldr r11,[r12,#GPIO#GPIO_PUPDR]'
make: *** [Src/subdir.mk:27: Src/keypad.o] Error 1
"make -j8 all" terminated with exit code 2. Build might be incomplete.
15:44:28 **** Incremental Build of configuration Debug for project Lab 7 decimal to hex game ****
make -j8 all 
arm-none-eabi-gcc -mcpu=cortex-m4 -g3 -c -x assembler-with-cpp --specs=nano.specs -mfpu=fpv4-sp-d16 -mfloat-abi=hard -mthumb -o "Startup/startup_stm32f446retx.o" "../Startup/startup_stm32f446retx.s"
arm-none-eabi-gcc -mcpu=cortex-m4 -g3 -c -x assembler-with-cpp --specs=nano.specs -mfpu=fpv4-sp-d16 -mfloat-abi=hard -mthumb -o "Src/interupts.o" "../Src/interupts.s"
arm-none-eabi-gcc -mcpu=cortex-m4 -g3 -c -x assembler-with-cpp --specs=nano.specs -mfpu=fpv4-sp-d16 -mfloat-abi=hard -mthumb -o "Src/keypad.o" "../Src/keypad.s"
C:\Users\SINGKH~1\AppData\Local\Temp\ccpf1LqE.s: Assembler messages:
C:\Users\SINGKH~1\AppData\Local\Temp\ccpf1LqE.s: Error: symbol definition loop encountered at `EXTI0_IRQHandler'
C:\Users\SINGKH~1\AppData\Local\Temp\ccpf1LqE.s: Error: symbol definition loop encountered at `EXTI1_IRQHandler'
C:\Users\SINGKH~1\AppData\Local\Temp\ccpf1LqE.s: Error: symbol definition loop encountered at `EXTI2_IRQHandler'
C:\Users\SINGKH~1\AppData\Local\Temp\ccpf1LqE.s: Error: symbol definition loop encountered at `EXTI3_IRQHandler'
make: *** [Startup/subdir.mk:15: Startup/startup_stm32f446retx.o] Error 1
make: *** Waiting for unfinished jobs....
../Src/interupts.s: Assembler messages:
../Src/interupts.s:62: Error: invalid constant (115c0) after fixup
make: *** [Src/subdir.mk:27: Src/interupts.o] Error 1
"make -j8 all" terminated with exit code 2. Build might be incomplete.
15:45:02 **** Incremental Build of configuration Debug for project Lab 7 decimal to hex game ****
make -j8 all 
arm-none-eabi-gcc -mcpu=cortex-m4 -g3 -c -x assembler-with-cpp --specs=nano.specs -mfpu=fpv4-sp-d16 -mfloat-abi=hard -mthumb -o "Startup/startup_stm32f446retx.o" "../Startup/startup_stm32f446retx.s"
arm-none-eabi-gcc -mcpu=cortex-m4 -g3 -c -x assembler-with-cpp --specs=nano.specs -mfpu=fpv4-sp-d16 -mfloat-abi=hard -mthumb -o "Src/interupts.o" "../Src/interupts.s"
C:\Users\SINGKH~1\AppData\Local\Temp\ccVGISkN.s: Assembler messages:
C:\Users\SINGKH~1\AppData\Local\Temp\ccVGISkN.s: Error: symbol definition loop encountered at `EXTI0_IRQHandler'
C:\Users\SINGKH~1\AppData\Local\Temp\ccVGISkN.s: Error: symbol definition loop encountered at `EXTI1_IRQHandler'
C:\Users\SINGKH~1\AppData\Local\Temp\ccVGISkN.s: Error: symbol definition loop encountered at `EXTI2_IRQHandler'
C:\Users\SINGKH~1\AppData\Local\Temp\ccVGISkN.s: Error: symbol definition loop encountered at `EXTI3_IRQHandler'
make: *** [Startup/subdir.mk:15: Startup/startup_stm32f446retx.o] Error 1
make: *** Waiting for unfinished jobs....
../Src/interupts.s: Assembler messages:
../Src/interupts.s:62: Error: invalid constant (115c0) after fixup
make: *** [Src/subdir.mk:27: Src/interupts.o] Error 1
"make -j8 all" terminated with exit code 2. Build might be incomplete.
15:48:11 **** Incremental Build of configuration Debug for project Lab 7 decimal to hex game ****
make -j8 all 
arm-none-eabi-gcc -mcpu=cortex-m4 -g3 -c -x assembler-with-cpp --specs=nano.specs -mfpu=fpv4-sp-d16 -mfloat-abi=hard -mthumb -o "Startup/startup_stm32f446retx.o" "../Startup/startup_stm32f446retx.s"
arm-none-eabi-gcc -mcpu=cortex-m4 -g3 -c -x assembler-with-cpp --specs=nano.specs -mfpu=fpv4-sp-d16 -mfloat-abi=hard -mthumb -o "Src/interupts.o" "../Src/interupts.s"
C:\Users\SINGKH~1\AppData\Local\Temp\cc4EjLsq.s: Assembler messages:
C:\Users\SINGKH~1\AppData\Local\Temp\cc4EjLsq.s: Error: symbol definition loop encountered at `EXTI0_IRQHandler'
C:\Users\SINGKH~1\AppData\Local\Temp\cc4EjLsq.s: Error: symbol definition loop encountered at `EXTI1_IRQHandler'
C:\Users\SINGKH~1\AppData\Local\Temp\cc4EjLsq.s: Error: symbol definition loop encountered at `EXTI2_IRQHandler'
C:\Users\SINGKH~1\AppData\Local\Temp\cc4EjLsq.s: Error: symbol definition loop encountered at `EXTI3_IRQHandler'
make: *** [Startup/subdir.mk:15: Startup/startup_stm32f446retx.o] Error 1
make: *** Waiting for unfinished jobs....
../Src/interupts.s: Assembler messages:
../Src/interupts.s:62: Error: invalid constant (115c0) after fixup
make: *** [Src/subdir.mk:27: Src/interupts.o] Error 1
"make -j8 all" terminated with exit code 2. Build might be incomplete.
15:48:32 **** Incremental Build of configuration Debug for project Lab 7 decimal to hex game ****
make -j8 all 
arm-none-eabi-gcc -mcpu=cortex-m4 -g3 -c -x assembler-with-cpp --specs=nano.specs -mfpu=fpv4-sp-d16 -mfloat-abi=hard -mthumb -o "Startup/startup_stm32f446retx.o" "../Startup/startup_stm32f446retx.s"
arm-none-eabi-gcc -mcpu=cortex-m4 -g3 -c -x assembler-with-cpp --specs=nano.specs -mfpu=fpv4-sp-d16 -mfloat-abi=hard -mthumb -o "Src/interupts.o" "../Src/interupts.s"
C:\Users\SINGKH~1\AppData\Local\Temp\ccJ7MhRk.s: Assembler messages:
C:\Users\SINGKH~1\AppData\Local\Temp\ccJ7MhRk.s: Error: symbol definition loop encountered at `EXTI0_IRQHandler'
C:\Users\SINGKH~1\AppData\Local\Temp\ccJ7MhRk.s: Error: symbol definition loop encountered at `EXTI1_IRQHandler'
C:\Users\SINGKH~1\AppData\Local\Temp\ccJ7MhRk.s: Error: symbol definition loop encountered at `EXTI2_IRQHandler'
C:\Users\SINGKH~1\AppData\Local\Temp\ccJ7MhRk.s: Error: symbol definition loop encountered at `EXTI3_IRQHandler'
make: *** [Startup/subdir.mk:15: Startup/startup_stm32f446retx.o] Error 1
make: *** Waiting for unfinished jobs....
"make -j8 all" terminated with exit code 2. Build might be incomplete.
15:50:44 **** Incremental Build of configuration Debug for project Lab 6 Electronic lock ****
make -j8 all 
arm-none-eabi-gcc -mcpu=cortex-m4 -g3 -c -x assembler-with-cpp --specs=nano.specs -mfpu=fpv4-sp-d16 -mfloat-abi=hard -mthumb -o "Src/Main.o" "../Src/Main.s"
arm-none-eabi-gcc -o "Lab 6 Electronic lock.elf" @"objects.list"   -mcpu=cortex-m4 -T"C:\School\Embedded 1\Lab 6 Electronic lock\STM32F446RETX_FLASH.ld" --specs=nosys.specs -Wl,-Map="Lab 6 Electronic lock.map" -Wl,--gc-sections -static --specs=nano.specs -mfpu=fpv4-sp-d16 -mfloat-abi=hard -mthumb -Wl,--start-group -lc -lm -Wl,--end-group
Finished building target: Lab 6 Electronic lock.elf
 
arm-none-eabi-objdump -h -S  Lab\ 6\ Electronic\ lock.elf  > "Lab 6 Electronic lock.list"
arm-none-eabi-size   Lab\ 6\ Electronic\ lock.elf 
   text	   data	    bss	    dec	    hex	filename
   2528	    116	   1564	   4208	   1070	Lab 6 Electronic lock.elf
Finished building: default.size.stdout
Finished building: Lab 6 Electronic lock.list
 
 
15:50:47 **** Incremental Build of configuration Debug for project Lab 7 decimal to hex game ****
make -j8 all 
arm-none-eabi-gcc -mcpu=cortex-m4 -g3 -c -x assembler-with-cpp --specs=nano.specs -mfpu=fpv4-sp-d16 -mfloat-abi=hard -mthumb -o "Startup/startup_stm32f446retx.o" "../Startup/startup_stm32f446retx.s"
C:\Users\SINGKH~1\AppData\Local\Temp\ccRU1Fsf.s: Assembler messages:
C:\Users\SINGKH~1\AppData\Local\Temp\ccRU1Fsf.s: Error: symbol definition loop encountered at `EXTI0_IRQHandler'
C:\Users\SINGKH~1\AppData\Local\Temp\ccRU1Fsf.s: Error: symbol definition loop encountered at `EXTI1_IRQHandler'
C:\Users\SINGKH~1\AppData\Local\Temp\ccRU1Fsf.s: Error: symbol definition loop encountered at `EXTI2_IRQHandler'
C:\Users\SINGKH~1\AppData\Local\Temp\ccRU1Fsf.s: Error: symbol definition loop encountered at `EXTI3_IRQHandler'
make: *** [Startup/subdir.mk:15: Startup/startup_stm32f446retx.o] Error 1
"make -j8 all" terminated with exit code 2. Build might be incomplete.
15:52:02 **** Incremental Build of configuration Debug for project Lab 6 Electronic lock ****
make -j8 all 
arm-none-eabi-size   Lab\ 6\ Electronic\ lock.elf 
   text	   data	    bss	    dec	    hex	filename
   2528	    116	   1564	   4208	   1070	Lab 6 Electronic lock.elf
Finished building: default.size.stdout
 
15:52:03 **** Incremental Build of configuration Debug for project Lab 7 decimal to hex game ****
make -j8 all 
arm-none-eabi-gcc -mcpu=cortex-m4 -g3 -c -x assembler-with-cpp --specs=nano.specs -mfpu=fpv4-sp-d16 -mfloat-abi=hard -mthumb -o "Startup/startup_stm32f446retx.o" "../Startup/startup_stm32f446retx.s"
C:\Users\SINGKH~1\AppData\Local\Temp\cclABhHZ.s: Assembler messages:
C:\Users\SINGKH~1\AppData\Local\Temp\cclABhHZ.s: Error: symbol definition loop encountered at `EXTI0_IRQHandler'
C:\Users\SINGKH~1\AppData\Local\Temp\cclABhHZ.s: Error: symbol definition loop encountered at `EXTI1_IRQHandler'
C:\Users\SINGKH~1\AppData\Local\Temp\cclABhHZ.s: Error: symbol definition loop encountered at `EXTI2_IRQHandler'
C:\Users\SINGKH~1\AppData\Local\Temp\cclABhHZ.s: Error: symbol definition loop encountered at `EXTI3_IRQHandler'
make: *** [Startup/subdir.mk:15: Startup/startup_stm32f446retx.o] Error 1
"make -j8 all" terminated with exit code 2. Build might be incomplete.
15:52:31 **** Incremental Build of configuration Debug for project Lab 7 decimal to hex game ****
make -j8 all 
arm-none-eabi-gcc -mcpu=cortex-m4 -g3 -c -x assembler-with-cpp --specs=nano.specs -mfpu=fpv4-sp-d16 -mfloat-abi=hard -mthumb -o "Startup/startup_stm32.o" "../Startup/startup_stm32.s"
C:\Users\SINGKH~1\AppData\Local\Temp\cccbTB8v.s: Assembler messages:
C:\Users\SINGKH~1\AppData\Local\Temp\cccbTB8v.s: Error: symbol definition loop encountered at `EXTI0_IRQHandler'
C:\Users\SINGKH~1\AppData\Local\Temp\cccbTB8v.s: Error: symbol definition loop encountered at `EXTI1_IRQHandler'
C:\Users\SINGKH~1\AppData\Local\Temp\cccbTB8v.s: Error: symbol definition loop encountered at `EXTI2_IRQHandler'
C:\Users\SINGKH~1\AppData\Local\Temp\cccbTB8v.s: Error: symbol definition loop encountered at `EXTI3_IRQHandler'
make: *** [Startup/subdir.mk:15: Startup/startup_stm32.o] Error 1
"make -j8 all" terminated with exit code 2. Build might be incomplete.
15:58:00 **** Incremental Build of configuration Debug for project Lab 7 decimal to hex game ****
make -j8 all 
arm-none-eabi-gcc -mcpu=cortex-m4 -g3 -c -x assembler-with-cpp --specs=nano.specs -mfpu=fpv4-sp-d16 -mfloat-abi=hard -mthumb -o "Startup/startup_stm32.o" "../Startup/startup_stm32.s"
arm-none-eabi-gcc -mcpu=cortex-m4 -g3 -c -x assembler-with-cpp --specs=nano.specs -mfpu=fpv4-sp-d16 -mfloat-abi=hard -mthumb -o "Src/interupts.o" "../Src/interupts.s"
C:\Users\SINGKH~1\AppData\Local\Temp\ccgprQHS.s: Assembler messages:
C:\Users\SINGKH~1\AppData\Local\Temp\ccgprQHS.s: Error: symbol definition loop encountered at `EXTI0_IRQHandler'
C:\Users\SINGKH~1\AppData\Local\Temp\ccgprQHS.s: Error: symbol definition loop encountered at `EXTI1_IRQHandler'
C:\Users\SINGKH~1\AppData\Local\Temp\ccgprQHS.s: Error: symbol definition loop encountered at `EXTI2_IRQHandler'
C:\Users\SINGKH~1\AppData\Local\Temp\ccgprQHS.s: Error: symbol definition loop encountered at `EXTI3_IRQHandler'
make: *** [Startup/subdir.mk:15: Startup/startup_stm32.o] Error 1
make: *** Waiting for unfinished jobs....
"make -j8 all" terminated with exit code 2. Build might be incomplete.
21:18:59 **** Incremental Build of configuration Debug for project Lab 6 Electronic lock ****
make -j8 all 
arm-none-eabi-size   Lab\ 6\ Electronic\ lock.elf 
   text	   data	    bss	    dec	    hex	filename
   2528	    116	   1564	   4208	   1070	Lab 6 Electronic lock.elf
Finished building: default.size.stdout
 
21:19:00 **** Incremental Build of configuration Debug for project Lab 7 decimal to hex game ****
make -j8 all 
arm-none-eabi-gcc -mcpu=cortex-m4 -g3 -c -x assembler-with-cpp --specs=nano.specs -mfpu=fpv4-sp-d16 -mfloat-abi=hard -mthumb -o "Startup/startup_stm32.o" "../Startup/startup_stm32.s"
C:\Users\SINGKH~1\AppData\Local\Temp\ccnyftje.s: Assembler messages:
C:\Users\SINGKH~1\AppData\Local\Temp\ccnyftje.s: Error: symbol definition loop encountered at `EXTI0_IRQHandler'
C:\Users\SINGKH~1\AppData\Local\Temp\ccnyftje.s: Error: symbol definition loop encountered at `EXTI1_IRQHandler'
C:\Users\SINGKH~1\AppData\Local\Temp\ccnyftje.s: Error: symbol definition loop encountered at `EXTI2_IRQHandler'
C:\Users\SINGKH~1\AppData\Local\Temp\ccnyftje.s: Error: symbol definition loop encountered at `EXTI3_IRQHandler'
make: *** [Startup/subdir.mk:15: Startup/startup_stm32.o] Error 1
"make -j8 all" terminated with exit code 2. Build might be incomplete.
21:20:11 **** Incremental Build of configuration Debug for project Lab 7 decimal to hex game ****
make -j8 all 
arm-none-eabi-gcc -mcpu=cortex-m4 -g3 -c -x assembler-with-cpp --specs=nano.specs -mfpu=fpv4-sp-d16 -mfloat-abi=hard -mthumb -o "Startup/startup_stm32f446retx.o" "../Startup/startup_stm32f446retx.s"
arm-none-eabi-gcc -o "Lab 7 decimal to hex game.elf" @"objects.list"   -mcpu=cortex-m4 -T"C:\School\Embedded 1\Lab 7 decimal to hex game\STM32F446RETX_FLASH.ld" --specs=nosys.specs -Wl,-Map="Lab 7 decimal to hex game.map" -Wl,--gc-sections -static --specs=nano.specs -mfpu=fpv4-sp-d16 -mfloat-abi=hard -mthumb -Wl,--start-group -lc -lm -Wl,--end-group
Src/Main.o: In function `main':
C:/School/Embedded 1/Lab 7 decimal to hex game/Debug/../Src/Main.s:28: undefined reference to `piezo_setup'
C:/School/Embedded 1/Lab 7 decimal to hex game/Debug/../Src/Main.s:29: undefined reference to `lcd_init'
Src/Main.o: In function `fail':
C:/School/Embedded 1/Lab 7 decimal to hex game/Debug/../Src/Main.s:67: undefined reference to `key_pressed'
collect2.exe: error: ld returned 1 exit status
make: *** [makefile:40: Lab 7 decimal to hex game.elf] Error 1
"make -j8 all" terminated with exit code 2. Build might be incomplete.
21:20:30 **** Incremental Build of configuration Debug for project Lab 7 decimal to hex game ****
make -j8 all 
arm-none-eabi-gcc -mcpu=cortex-m4 -g3 -c -x assembler-with-cpp --specs=nano.specs -mfpu=fpv4-sp-d16 -mfloat-abi=hard -mthumb -o "Src/Main.o" "../Src/Main.s"
arm-none-eabi-gcc -o "Lab 7 decimal to hex game.elf" @"objects.list"   -mcpu=cortex-m4 -T"C:\School\Embedded 1\Lab 7 decimal to hex game\STM32F446RETX_FLASH.ld" --specs=nosys.specs -Wl,-Map="Lab 7 decimal to hex game.map" -Wl,--gc-sections -static --specs=nano.specs -mfpu=fpv4-sp-d16 -mfloat-abi=hard -mthumb -Wl,--start-group -lc -lm -Wl,--end-group
Src/Main.o: In function `main':
C:/School/Embedded 1/Lab 7 decimal to hex game/Debug/../Src/Main.s:28: undefined reference to `piezo_setup'
Src/Main.o: In function `fail':
C:/School/Embedded 1/Lab 7 decimal to hex game/Debug/../Src/Main.s:67: undefined reference to `key_pressed'
collect2.exe: error: ld returned 1 exit status
make: *** [makefile:40: Lab 7 decimal to hex game.elf] Error 1
"make -j8 all" terminated with exit code 2. Build might be incomplete.
21:20:52 **** Incremental Build of configuration Debug for project Lab 7 decimal to hex game ****
make -j8 all 
arm-none-eabi-gcc -mcpu=cortex-m4 -g3 -c -x assembler-with-cpp --specs=nano.specs -mfpu=fpv4-sp-d16 -mfloat-abi=hard -mthumb -o "Src/timer.o" "../Src/timer.s"
arm-none-eabi-gcc -o "Lab 7 decimal to hex game.elf" @"objects.list"   -mcpu=cortex-m4 -T"C:\School\Embedded 1\Lab 7 decimal to hex game\STM32F446RETX_FLASH.ld" --specs=nosys.specs -Wl,-Map="Lab 7 decimal to hex game.map" -Wl,--gc-sections -static --specs=nano.specs -mfpu=fpv4-sp-d16 -mfloat-abi=hard -mthumb -Wl,--start-group -lc -lm -Wl,--end-group
Src/Main.o: In function `fail':
C:/School/Embedded 1/Lab 7 decimal to hex game/Debug/../Src/Main.s:67: undefined reference to `key_pressed'
collect2.exe: error: ld returned 1 exit status
make: *** [makefile:40: Lab 7 decimal to hex game.elf] Error 1
"make -j8 all" terminated with exit code 2. Build might be incomplete.
21:21:45 **** Incremental Build of configuration Debug for project Lab 7 decimal to hex game ****
make -j8 all 
arm-none-eabi-gcc -mcpu=cortex-m4 -g3 -c -x assembler-with-cpp --specs=nano.specs -mfpu=fpv4-sp-d16 -mfloat-abi=hard -mthumb -o "Src/interupts.o" "../Src/interupts.s"
../Src/interupts.s: Assembler messages:
../Src/interupts.s:132: Error: unknown pseudo-op: `.global.data'
make: *** [Src/subdir.mk:27: Src/interupts.o] Error 1
"make -j8 all" terminated with exit code 2. Build might be incomplete.
21:23:23 **** Incremental Build of configuration Debug for project Lab 7 decimal to hex game ****
make -j8 all 
arm-none-eabi-gcc -mcpu=cortex-m4 -g3 -c -x assembler-with-cpp --specs=nano.specs -mfpu=fpv4-sp-d16 -mfloat-abi=hard -mthumb -o "Src/interupts.o" "../Src/interupts.s"
../Src/interupts.s: Assembler messages:
../Src/interupts.s:132: Warning: section symbols are already global
arm-none-eabi-gcc -o "Lab 7 decimal to hex game.elf" @"objects.list"   -mcpu=cortex-m4 -T"C:\School\Embedded 1\Lab 7 decimal to hex game\STM32F446RETX_FLASH.ld" --specs=nosys.specs -Wl,-Map="Lab 7 decimal to hex game.map" -Wl,--gc-sections -static --specs=nano.specs -mfpu=fpv4-sp-d16 -mfloat-abi=hard -mthumb -Wl,--start-group -lc -lm -Wl,--end-group
Src/Main.o: In function `fail':
C:/School/Embedded 1/Lab 7 decimal to hex game/Debug/../Src/Main.s:67: undefined reference to `key_pressed'
collect2.exe: error: ld returned 1 exit status
make: *** [makefile:40: Lab 7 decimal to hex game.elf] Error 1
"make -j8 all" terminated with exit code 2. Build might be incomplete.
21:23:48 **** Incremental Build of configuration Debug for project Lab 7 decimal to hex game ****
make -j8 all 
arm-none-eabi-gcc -mcpu=cortex-m4 -g3 -c -x assembler-with-cpp --specs=nano.specs -mfpu=fpv4-sp-d16 -mfloat-abi=hard -mthumb -o "Src/Main.o" "../Src/Main.s"
arm-none-eabi-gcc -mcpu=cortex-m4 -g3 -c -x assembler-with-cpp --specs=nano.specs -mfpu=fpv4-sp-d16 -mfloat-abi=hard -mthumb -o "Src/interupts.o" "../Src/interupts.s"
arm-none-eabi-gcc -o "Lab 7 decimal to hex game.elf" @"objects.list"   -mcpu=cortex-m4 -T"C:\School\Embedded 1\Lab 7 decimal to hex game\STM32F446RETX_FLASH.ld" --specs=nosys.specs -Wl,-Map="Lab 7 decimal to hex game.map" -Wl,--gc-sections -static --specs=nano.specs -mfpu=fpv4-sp-d16 -mfloat-abi=hard -mthumb -Wl,--start-group -lc -lm -Wl,--end-group
Src/Main.o: In function `fail':
C:/School/Embedded 1/Lab 7 decimal to hex game/Debug/../Src/Main.s:67: undefined reference to `key_pressed'
collect2.exe: error: ld returned 1 exit status
make: *** [makefile:40: Lab 7 decimal to hex game.elf] Error 1
"make -j8 all" terminated with exit code 2. Build might be incomplete.
21:24:03 **** Incremental Build of configuration Debug for project Lab 7 decimal to hex game ****
make -j8 all 
arm-none-eabi-gcc -mcpu=cortex-m4 -g3 -c -x assembler-with-cpp --specs=nano.specs -mfpu=fpv4-sp-d16 -mfloat-abi=hard -mthumb -o "Src/Main.o" "../Src/Main.s"
../Src/Main.s: Assembler messages:
../Src/Main.s:67: Error: bad expression -- `mov r9,=key_pressed'
make: *** [Src/subdir.mk:27: Src/Main.o] Error 1
"make -j8 all" terminated with exit code 2. Build might be incomplete.
21:25:27 **** Incremental Build of configuration Debug for project Lab 7 decimal to hex game ****
make -j8 all 
arm-none-eabi-gcc -mcpu=cortex-m4 -g3 -c -x assembler-with-cpp --specs=nano.specs -mfpu=fpv4-sp-d16 -mfloat-abi=hard -mthumb -o "Src/Main.o" "../Src/Main.s"
../Src/Main.s: Assembler messages:
../Src/Main.s:67: Error: bad expression -- `mov r9,=b01'
make: *** [Src/subdir.mk:27: Src/Main.o] Error 1
"make -j8 all" terminated with exit code 2. Build might be incomplete.
21:25:38 **** Incremental Build of configuration Debug for project Lab 7 decimal to hex game ****
make -j8 all 
arm-none-eabi-gcc -mcpu=cortex-m4 -g3 -c -x assembler-with-cpp --specs=nano.specs -mfpu=fpv4-sp-d16 -mfloat-abi=hard -mthumb -o "Src/Main.o" "../Src/Main.s"
arm-none-eabi-gcc -o "Lab 7 decimal to hex game.elf" @"objects.list"   -mcpu=cortex-m4 -T"C:\School\Embedded 1\Lab 7 decimal to hex game\STM32F446RETX_FLASH.ld" --specs=nosys.specs -Wl,-Map="Lab 7 decimal to hex game.map" -Wl,--gc-sections -static --specs=nano.specs -mfpu=fpv4-sp-d16 -mfloat-abi=hard -mthumb -Wl,--start-group -lc -lm -Wl,--end-group
Finished building target: Lab 7 decimal to hex game.elf
 
arm-none-eabi-objdump -h -S  Lab\ 7\ decimal\ to\ hex\ game.elf  > "Lab 7 decimal to hex game.list"
arm-none-eabi-size   Lab\ 7\ decimal\ to\ hex\ game.elf 
   text	   data	    bss	    dec	    hex	filename
   2920	    144	   1568	   4632	   1218	Lab 7 decimal to hex game.elf
Finished building: default.size.stdout
Finished building: Lab 7 decimal to hex game.list
 
 
21:29:23 **** Incremental Build of configuration Debug for project Lab 7 decimal to hex game ****
make -j8 all 
arm-none-eabi-gcc -mcpu=cortex-m4 -g3 -c -x assembler-with-cpp --specs=nano.specs -mfpu=fpv4-sp-d16 -mfloat-abi=hard -mthumb -o "Src/Main.o" "../Src/Main.s"
arm-none-eabi-gcc -mcpu=cortex-m4 -g3 -c -x assembler-with-cpp --specs=nano.specs -mfpu=fpv4-sp-d16 -mfloat-abi=hard -mthumb -o "Src/interupts.o" "../Src/interupts.s"
../Src/Main.s: Assembler messages:
../Src/Main.s:67: Error: missing expression -- `ldr r9,'
make: *** [Src/subdir.mk:27: Src/Main.o] Error 1
make: *** Waiting for unfinished jobs....
"make -j8 all" terminated with exit code 2. Build might be incomplete.
21:29:52 **** Incremental Build of configuration Debug for project Lab 7 decimal to hex game ****
make -j8 all 
arm-none-eabi-gcc -mcpu=cortex-m4 -g3 -c -x assembler-with-cpp --specs=nano.specs -mfpu=fpv4-sp-d16 -mfloat-abi=hard -mthumb -o "Src/Main.o" "../Src/Main.s"
arm-none-eabi-gcc -o "Lab 7 decimal to hex game.elf" @"objects.list"   -mcpu=cortex-m4 -T"C:\School\Embedded 1\Lab 7 decimal to hex game\STM32F446RETX_FLASH.ld" --specs=nosys.specs -Wl,-Map="Lab 7 decimal to hex game.map" -Wl,--gc-sections -static --specs=nano.specs -mfpu=fpv4-sp-d16 -mfloat-abi=hard -mthumb -Wl,--start-group -lc -lm -Wl,--end-group
Finished building target: Lab 7 decimal to hex game.elf
 
arm-none-eabi-objdump -h -S  Lab\ 7\ decimal\ to\ hex\ game.elf  > "Lab 7 decimal to hex game.list"
arm-none-eabi-size   Lab\ 7\ decimal\ to\ hex\ game.elf 
   text	   data	    bss	    dec	    hex	filename
   2888	    144	   1568	   4600	   11f8	Lab 7 decimal to hex game.elf
Finished building: default.size.stdout
Finished building: Lab 7 decimal to hex game.list
 
 
21:30:09 **** Incremental Build of configuration Debug for project Lab 7 decimal to hex game ****
make -j8 all 
arm-none-eabi-gcc -mcpu=cortex-m4 -g3 -c -x assembler-with-cpp --specs=nano.specs -mfpu=fpv4-sp-d16 -mfloat-abi=hard -mthumb -o "Src/Main.o" "../Src/Main.s"
arm-none-eabi-gcc -o "Lab 7 decimal to hex game.elf" @"objects.list"   -mcpu=cortex-m4 -T"C:\School\Embedded 1\Lab 7 decimal to hex game\STM32F446RETX_FLASH.ld" --specs=nosys.specs -Wl,-Map="Lab 7 decimal to hex game.map" -Wl,--gc-sections -static --specs=nano.specs -mfpu=fpv4-sp-d16 -mfloat-abi=hard -mthumb -Wl,--start-group -lc -lm -Wl,--end-group
Finished building target: Lab 7 decimal to hex game.elf
 
arm-none-eabi-objdump -h -S  Lab\ 7\ decimal\ to\ hex\ game.elf  > "Lab 7 decimal to hex game.list"
arm-none-eabi-size   Lab\ 7\ decimal\ to\ hex\ game.elf 
   text	   data	    bss	    dec	    hex	filename
   2888	    144	   1568	   4600	   11f8	Lab 7 decimal to hex game.elf
Finished building: default.size.stdout
Finished building: Lab 7 decimal to hex game.list
 
 
21:40:36 **** Incremental Build of configuration Debug for project Lab 7 decimal to hex game ****
make -j8 all 
arm-none-eabi-gcc -mcpu=cortex-m4 -g3 -c -x assembler-with-cpp --specs=nano.specs -mfpu=fpv4-sp-d16 -mfloat-abi=hard -mthumb -o "Startup/startup_stm32f446retx.o" "../Startup/startup_stm32f446retx.s"
C:\Users\SINGKH~1\AppData\Local\Temp\ccoxNc1j.s: Assembler messages:
C:\Users\SINGKH~1\AppData\Local\Temp\ccoxNc1j.s: Error: symbol definition loop encountered at `EXTI0_IRQHandler'
C:\Users\SINGKH~1\AppData\Local\Temp\ccoxNc1j.s: Error: symbol definition loop encountered at `EXTI1_IRQHandler'
C:\Users\SINGKH~1\AppData\Local\Temp\ccoxNc1j.s: Error: symbol definition loop encountered at `EXTI2_IRQHandler'
C:\Users\SINGKH~1\AppData\Local\Temp\ccoxNc1j.s: Error: symbol definition loop encountered at `EXTI3_IRQHandler'
make: *** [Startup/subdir.mk:15: Startup/startup_stm32f446retx.o] Error 1
"make -j8 all" terminated with exit code 2. Build might be incomplete.
21:41:12 **** Incremental Build of configuration Debug for project Lab 7 decimal to hex game ****
make -j8 all 
arm-none-eabi-gcc -mcpu=cortex-m4 -g3 -c -x assembler-with-cpp --specs=nano.specs -mfpu=fpv4-sp-d16 -mfloat-abi=hard -mthumb -o "Startup/startup_stm32f446retx.o" "../Startup/startup_stm32f446retx.s"
../Startup/startup_stm32f446retx.s: Assembler messages:
../Startup/startup_stm32f446retx.s:297: Error: expected comma after name "EXTI0_IRQHandler"
make: *** [Startup/subdir.mk:15: Startup/startup_stm32f446retx.o] Error 1
"make -j8 all" terminated with exit code 2. Build might be incomplete.
21:41:24 **** Incremental Build of configuration Debug for project Lab 7 decimal to hex game ****
make -j8 all 
arm-none-eabi-gcc -mcpu=cortex-m4 -g3 -c -x assembler-with-cpp --specs=nano.specs -mfpu=fpv4-sp-d16 -mfloat-abi=hard -mthumb -o "Startup/startup_stm32f446retx.o" "../Startup/startup_stm32f446retx.s"
../Startup/startup_stm32f446retx.s: Assembler messages:
../Startup/startup_stm32f446retx.s:297: Error: missing expression
make: *** [Startup/subdir.mk:15: Startup/startup_stm32f446retx.o] Error 1
"make -j8 all" terminated with exit code 2. Build might be incomplete.
21:41:34 **** Incremental Build of configuration Debug for project Lab 7 decimal to hex game ****
make -j8 all 
arm-none-eabi-gcc -mcpu=cortex-m4 -g3 -c -x assembler-with-cpp --specs=nano.specs -mfpu=fpv4-sp-d16 -mfloat-abi=hard -mthumb -o "Startup/startup_stm32f446retx.o" "../Startup/startup_stm32f446retx.s"
C:\Users\SINGKH~1\AppData\Local\Temp\cceB6Rs4.s: Assembler messages:
C:\Users\SINGKH~1\AppData\Local\Temp\cceB6Rs4.s: Error: symbol definition loop encountered at `EXTI0_IRQHandler'
make: *** [Startup/subdir.mk:15: Startup/startup_stm32f446retx.o] Error 1
"make -j8 all" terminated with exit code 2. Build might be incomplete.
21:41:51 **** Incremental Build of configuration Debug for project Lab 7 decimal to hex game ****
make -j8 all 
arm-none-eabi-gcc -mcpu=cortex-m4 -g3 -c -x assembler-with-cpp --specs=nano.specs -mfpu=fpv4-sp-d16 -mfloat-abi=hard -mthumb -o "Startup/startup_stm32f446retx.o" "../Startup/startup_stm32f446retx.s"
arm-none-eabi-gcc -o "Lab 7 decimal to hex game.elf" @"objects.list"   -mcpu=cortex-m4 -T"C:\School\Embedded 1\Lab 7 decimal to hex game\STM32F446RETX_FLASH.ld" --specs=nosys.specs -Wl,-Map="Lab 7 decimal to hex game.map" -Wl,--gc-sections -static --specs=nano.specs -mfpu=fpv4-sp-d16 -mfloat-abi=hard -mthumb -Wl,--start-group -lc -lm -Wl,--end-group
Finished building target: Lab 7 decimal to hex game.elf
 
arm-none-eabi-objdump -h -S  Lab\ 7\ decimal\ to\ hex\ game.elf  > "Lab 7 decimal to hex game.list"
arm-none-eabi-size   Lab\ 7\ decimal\ to\ hex\ game.elf 
   text	   data	    bss	    dec	    hex	filename
   2888	    144	   1568	   4600	   11f8	Lab 7 decimal to hex game.elf
Finished building: default.size.stdout
Finished building: Lab 7 decimal to hex game.list
 
 
21:54:36 **** Incremental Build of configuration Debug for project Lab 7 decimal to hex game ****
make -j8 all 
arm-none-eabi-gcc -mcpu=cortex-m4 -g3 -c -x assembler-with-cpp --specs=nano.specs -mfpu=fpv4-sp-d16 -mfloat-abi=hard -mthumb -o "Startup/startup_stm32f446retx.o" "../Startup/startup_stm32f446retx.s"
arm-none-eabi-gcc -mcpu=cortex-m4 -g3 -c -x assembler-with-cpp --specs=nano.specs -mfpu=fpv4-sp-d16 -mfloat-abi=hard -mthumb -o "Src/interupts.o" "../Src/interupts.s"
arm-none-eabi-gcc -o "Lab 7 decimal to hex game.elf" @"objects.list"   -mcpu=cortex-m4 -T"C:\School\Embedded 1\Lab 7 decimal to hex game\STM32F446RETX_FLASH.ld" --specs=nosys.specs -Wl,-Map="Lab 7 decimal to hex game.map" -Wl,--gc-sections -static --specs=nano.specs -mfpu=fpv4-sp-d16 -mfloat-abi=hard -mthumb -Wl,--start-group -lc -lm -Wl,--end-group
Finished building target: Lab 7 decimal to hex game.elf
 
arm-none-eabi-objdump -h -S  Lab\ 7\ decimal\ to\ hex\ game.elf  > "Lab 7 decimal to hex game.list"
arm-none-eabi-size   Lab\ 7\ decimal\ to\ hex\ game.elf 
   text	   data	    bss	    dec	    hex	filename
   2888	    144	   1568	   4600	   11f8	Lab 7 decimal to hex game.elf
Finished building: default.size.stdout
Finished building: Lab 7 decimal to hex game.list
 
 
21:55:52 **** Incremental Build of configuration Debug for project Lab 7 decimal to hex game ****
make -j8 all 
arm-none-eabi-gcc -mcpu=cortex-m4 -g3 -c -x assembler-with-cpp --specs=nano.specs -mfpu=fpv4-sp-d16 -mfloat-abi=hard -mthumb -o "Src/Main.o" "../Src/Main.s"
arm-none-eabi-gcc -mcpu=cortex-m4 -g3 -c -x assembler-with-cpp --specs=nano.specs -mfpu=fpv4-sp-d16 -mfloat-abi=hard -mthumb -o "Src/interupts.o" "../Src/interupts.s"
arm-none-eabi-gcc -o "Lab 7 decimal to hex game.elf" @"objects.list"   -mcpu=cortex-m4 -T"C:\School\Embedded 1\Lab 7 decimal to hex game\STM32F446RETX_FLASH.ld" --specs=nosys.specs -Wl,-Map="Lab 7 decimal to hex game.map" -Wl,--gc-sections -static --specs=nano.specs -mfpu=fpv4-sp-d16 -mfloat-abi=hard -mthumb -Wl,--start-group -lc -lm -Wl,--end-group
Finished building target: Lab 7 decimal to hex game.elf
 
arm-none-eabi-objdump -h -S  Lab\ 7\ decimal\ to\ hex\ game.elf  > "Lab 7 decimal to hex game.list"
arm-none-eabi-size   Lab\ 7\ decimal\ to\ hex\ game.elf 
   text	   data	    bss	    dec	    hex	filename
   2924	    144	   1568	   4636	   121c	Lab 7 decimal to hex game.elf
Finished building: default.size.stdout
Finished building: Lab 7 decimal to hex game.list
 
 
21:57:57 **** Incremental Build of configuration Debug for project Lab 7 decimal to hex game ****
make -j8 all 
arm-none-eabi-size   Lab\ 7\ decimal\ to\ hex\ game.elf 
   text	   data	    bss	    dec	    hex	filename
   2924	    144	   1568	   4636	   121c	Lab 7 decimal to hex game.elf
Finished building: default.size.stdout
 
22:01:22 **** Incremental Build of configuration Debug for project Lab 7 decimal to hex game ****
make -j8 all 
arm-none-eabi-gcc -mcpu=cortex-m4 -g3 -c -x assembler-with-cpp --specs=nano.specs -mfpu=fpv4-sp-d16 -mfloat-abi=hard -mthumb -o "Src/timer.o" "../Src/timer.s"
arm-none-eabi-gcc -o "Lab 7 decimal to hex game.elf" @"objects.list"   -mcpu=cortex-m4 -T"C:\School\Embedded 1\Lab 7 decimal to hex game\STM32F446RETX_FLASH.ld" --specs=nosys.specs -Wl,-Map="Lab 7 decimal to hex game.map" -Wl,--gc-sections -static --specs=nano.specs -mfpu=fpv4-sp-d16 -mfloat-abi=hard -mthumb -Wl,--start-group -lc -lm -Wl,--end-group
Finished building target: Lab 7 decimal to hex game.elf
 
arm-none-eabi-objdump -h -S  Lab\ 7\ decimal\ to\ hex\ game.elf  > "Lab 7 decimal to hex game.list"
arm-none-eabi-size   Lab\ 7\ decimal\ to\ hex\ game.elf 
   text	   data	    bss	    dec	    hex	filename
   2924	    144	   1568	   4636	   121c	Lab 7 decimal to hex game.elf
Finished building: default.size.stdout
Finished building: Lab 7 decimal to hex game.list
 
 
22:04:57 **** Incremental Build of configuration Debug for project Lab 7 decimal to hex game ****
make -j8 all 
arm-none-eabi-gcc -mcpu=cortex-m4 -g3 -c -x assembler-with-cpp --specs=nano.specs -mfpu=fpv4-sp-d16 -mfloat-abi=hard -mthumb -o "Src/Main.o" "../Src/Main.s"
arm-none-eabi-gcc -o "Lab 7 decimal to hex game.elf" @"objects.list"   -mcpu=cortex-m4 -T"C:\School\Embedded 1\Lab 7 decimal to hex game\STM32F446RETX_FLASH.ld" --specs=nosys.specs -Wl,-Map="Lab 7 decimal to hex game.map" -Wl,--gc-sections -static --specs=nano.specs -mfpu=fpv4-sp-d16 -mfloat-abi=hard -mthumb -Wl,--start-group -lc -lm -Wl,--end-group
Finished building target: Lab 7 decimal to hex game.elf
 
arm-none-eabi-objdump -h -S  Lab\ 7\ decimal\ to\ hex\ game.elf  > "Lab 7 decimal to hex game.list"
arm-none-eabi-size   Lab\ 7\ decimal\ to\ hex\ game.elf 
   text	   data	    bss	    dec	    hex	filename
   2928	    144	   1568	   4640	   1220	Lab 7 decimal to hex game.elf
Finished building: default.size.stdout
Finished building: Lab 7 decimal to hex game.list
 
 
22:05:00 **** Incremental Build of configuration Debug for project Lab 7 decimal to hex game ****
make -j8 all 
arm-none-eabi-size   Lab\ 7\ decimal\ to\ hex\ game.elf 
   text	   data	    bss	    dec	    hex	filename
   2928	    144	   1568	   4640	   1220	Lab 7 decimal to hex game.elf
Finished building: default.size.stdout
 
22:06:32 **** Incremental Build of configuration Debug for project Lab 7 decimal to hex game ****
make -j8 all 
arm-none-eabi-gcc -mcpu=cortex-m4 -g3 -c -x assembler-with-cpp --specs=nano.specs -mfpu=fpv4-sp-d16 -mfloat-abi=hard -mthumb -o "Src/Main.o" "../Src/Main.s"
arm-none-eabi-gcc -o "Lab 7 decimal to hex game.elf" @"objects.list"   -mcpu=cortex-m4 -T"C:\School\Embedded 1\Lab 7 decimal to hex game\STM32F446RETX_FLASH.ld" --specs=nosys.specs -Wl,-Map="Lab 7 decimal to hex game.map" -Wl,--gc-sections -static --specs=nano.specs -mfpu=fpv4-sp-d16 -mfloat-abi=hard -mthumb -Wl,--start-group -lc -lm -Wl,--end-group
Finished building target: Lab 7 decimal to hex game.elf
 
arm-none-eabi-objdump -h -S  Lab\ 7\ decimal\ to\ hex\ game.elf  > "Lab 7 decimal to hex game.list"
arm-none-eabi-size   Lab\ 7\ decimal\ to\ hex\ game.elf 
   text	   data	    bss	    dec	    hex	filename
   2908	    144	   1568	   4620	   120c	Lab 7 decimal to hex game.elf
Finished building: default.size.stdout
Finished building: Lab 7 decimal to hex game.list
 
 
22:09:36 **** Incremental Build of configuration Debug for project Lab 6 Electronic lock ****
make -j8 all 
arm-none-eabi-size   Lab\ 6\ Electronic\ lock.elf 
   text	   data	    bss	    dec	    hex	filename
   2528	    116	   1564	   4208	   1070	Lab 6 Electronic lock.elf
Finished building: default.size.stdout
 
22:16:16 **** Incremental Build of configuration Debug for project Lab 7 decimal to hex game ****
make -j8 all 
arm-none-eabi-gcc -mcpu=cortex-m4 -g3 -c -x assembler-with-cpp --specs=nano.specs -mfpu=fpv4-sp-d16 -mfloat-abi=hard -mthumb -o "Src/Lcd.o" "../Src/Lcd.s"
arm-none-eabi-gcc -mcpu=cortex-m4 -g3 -c -x assembler-with-cpp --specs=nano.specs -mfpu=fpv4-sp-d16 -mfloat-abi=hard -mthumb -o "Src/Main.o" "../Src/Main.s"
arm-none-eabi-gcc -o "Lab 7 decimal to hex game.elf" @"objects.list"   -mcpu=cortex-m4 -T"C:\School\Embedded 1\Lab 7 decimal to hex game\STM32F446RETX_FLASH.ld" --specs=nosys.specs -Wl,-Map="Lab 7 decimal to hex game.map" -Wl,--gc-sections -static --specs=nano.specs -mfpu=fpv4-sp-d16 -mfloat-abi=hard -mthumb -Wl,--start-group -lc -lm -Wl,--end-group
Finished building target: Lab 7 decimal to hex game.elf
 
arm-none-eabi-objdump -h -S  Lab\ 7\ decimal\ to\ hex\ game.elf  > "Lab 7 decimal to hex game.list"
arm-none-eabi-size   Lab\ 7\ decimal\ to\ hex\ game.elf 
   text	   data	    bss	    dec	    hex	filename
   2920	    144	   1568	   4632	   1218	Lab 7 decimal to hex game.elf
Finished building: default.size.stdout
Finished building: Lab 7 decimal to hex game.list
 
 
22:16:21 **** Incremental Build of configuration Debug for project Lab 7 decimal to hex game ****
make -j8 all 
arm-none-eabi-size   Lab\ 7\ decimal\ to\ hex\ game.elf 
   text	   data	    bss	    dec	    hex	filename
   2920	    144	   1568	   4632	   1218	Lab 7 decimal to hex game.elf
Finished building: default.size.stdout
 
22:18:01 **** Incremental Build of configuration Debug for project Lab 7 decimal to hex game ****
make -j8 all 
arm-none-eabi-gcc -mcpu=cortex-m4 -g3 -c -x assembler-with-cpp --specs=nano.specs -mfpu=fpv4-sp-d16 -mfloat-abi=hard -mthumb -o "Src/Lcd.o" "../Src/Lcd.s"
arm-none-eabi-gcc -o "Lab 7 decimal to hex game.elf" @"objects.list"   -mcpu=cortex-m4 -T"C:\School\Embedded 1\Lab 7 decimal to hex game\STM32F446RETX_FLASH.ld" --specs=nosys.specs -Wl,-Map="Lab 7 decimal to hex game.map" -Wl,--gc-sections -static --specs=nano.specs -mfpu=fpv4-sp-d16 -mfloat-abi=hard -mthumb -Wl,--start-group -lc -lm -Wl,--end-group
Src/Main.o: In function `main':
C:/School/Embedded 1/Lab 7 decimal to hex game/Debug/../Src/Main.s:29: undefined reference to `lcd_setup'
collect2.exe: error: ld returned 1 exit status
make: *** [makefile:40: Lab 7 decimal to hex game.elf] Error 1
"make -j8 all" terminated with exit code 2. Build might be incomplete.
22:18:29 **** Incremental Build of configuration Debug for project Lab 7 decimal to hex game ****
make -j8 all 
arm-none-eabi-gcc -mcpu=cortex-m4 -g3 -c -x assembler-with-cpp --specs=nano.specs -mfpu=fpv4-sp-d16 -mfloat-abi=hard -mthumb -o "Src/Lcd.o" "../Src/Lcd.s"
arm-none-eabi-gcc -o "Lab 7 decimal to hex game.elf" @"objects.list"   -mcpu=cortex-m4 -T"C:\School\Embedded 1\Lab 7 decimal to hex game\STM32F446RETX_FLASH.ld" --specs=nosys.specs -Wl,-Map="Lab 7 decimal to hex game.map" -Wl,--gc-sections -static --specs=nano.specs -mfpu=fpv4-sp-d16 -mfloat-abi=hard -mthumb -Wl,--start-group -lc -lm -Wl,--end-group
Finished building target: Lab 7 decimal to hex game.elf
 
arm-none-eabi-objdump -h -S  Lab\ 7\ decimal\ to\ hex\ game.elf  > "Lab 7 decimal to hex game.list"
arm-none-eabi-size   Lab\ 7\ decimal\ to\ hex\ game.elf 
   text	   data	    bss	    dec	    hex	filename
   2928	    144	   1568	   4640	   1220	Lab 7 decimal to hex game.elf
Finished building: default.size.stdout
Finished building: Lab 7 decimal to hex game.list
 
 
22:19:07 **** Incremental Build of configuration Debug for project Lab 7 decimal to hex game ****
make -j8 all 
arm-none-eabi-gcc -mcpu=cortex-m4 -g3 -c -x assembler-with-cpp --specs=nano.specs -mfpu=fpv4-sp-d16 -mfloat-abi=hard -mthumb -o "Src/Main.o" "../Src/Main.s"
arm-none-eabi-gcc -o "Lab 7 decimal to hex game.elf" @"objects.list"   -mcpu=cortex-m4 -T"C:\School\Embedded 1\Lab 7 decimal to hex game\STM32F446RETX_FLASH.ld" --specs=nosys.specs -Wl,-Map="Lab 7 decimal to hex game.map" -Wl,--gc-sections -static --specs=nano.specs -mfpu=fpv4-sp-d16 -mfloat-abi=hard -mthumb -Wl,--start-group -lc -lm -Wl,--end-group
Finished building target: Lab 7 decimal to hex game.elf
 
arm-none-eabi-objdump -h -S  Lab\ 7\ decimal\ to\ hex\ game.elf  > "Lab 7 decimal to hex game.list"
arm-none-eabi-size   Lab\ 7\ decimal\ to\ hex\ game.elf 
   text	   data	    bss	    dec	    hex	filename
   2912	    144	   1568	   4624	   1210	Lab 7 decimal to hex game.elf
Finished building: default.size.stdout
Finished building: Lab 7 decimal to hex game.list
 
 
22:20:37 **** Incremental Build of configuration Debug for project Lab 6 Electronic lock ****
make -j8 all 
arm-none-eabi-gcc -mcpu=cortex-m4 -g3 -c -x assembler-with-cpp --specs=nano.specs -mfpu=fpv4-sp-d16 -mfloat-abi=hard -mthumb -o "Src/Main.o" "../Src/Main.s"
arm-none-eabi-gcc -o "Lab 6 Electronic lock.elf" @"objects.list"   -mcpu=cortex-m4 -T"C:\School\Embedded 1\Lab 6 Electronic lock\STM32F446RETX_FLASH.ld" --specs=nosys.specs -Wl,-Map="Lab 6 Electronic lock.map" -Wl,--gc-sections -static --specs=nano.specs -mfpu=fpv4-sp-d16 -mfloat-abi=hard -mthumb -Wl,--start-group -lc -lm -Wl,--end-group
Finished building target: Lab 6 Electronic lock.elf
 
arm-none-eabi-objdump -h -S  Lab\ 6\ Electronic\ lock.elf  > "Lab 6 Electronic lock.list"
arm-none-eabi-size   Lab\ 6\ Electronic\ lock.elf 
   text	   data	    bss	    dec	    hex	filename
   2516	    116	   1564	   4196	   1064	Lab 6 Electronic lock.elf
Finished building: default.size.stdout
Finished building: Lab 6 Electronic lock.list
 
 
22:21:29 **** Incremental Build of configuration Debug for project Lab 6 Electronic lock ****
make -j8 all 
arm-none-eabi-size   Lab\ 6\ Electronic\ lock.elf 
   text	   data	    bss	    dec	    hex	filename
   2516	    116	   1564	   4196	   1064	Lab 6 Electronic lock.elf
Finished building: default.size.stdout
 
22:22:22 **** Incremental Build of configuration Debug for project Lab 6 Electronic lock ****
make -j8 all 
arm-none-eabi-gcc -mcpu=cortex-m4 -g3 -c -x assembler-with-cpp --specs=nano.specs -mfpu=fpv4-sp-d16 -mfloat-abi=hard -mthumb -o "Src/Main.o" "../Src/Main.s"
arm-none-eabi-gcc -o "Lab 6 Electronic lock.elf" @"objects.list"   -mcpu=cortex-m4 -T"C:\School\Embedded 1\Lab 6 Electronic lock\STM32F446RETX_FLASH.ld" --specs=nosys.specs -Wl,-Map="Lab 6 Electronic lock.map" -Wl,--gc-sections -static --specs=nano.specs -mfpu=fpv4-sp-d16 -mfloat-abi=hard -mthumb -Wl,--start-group -lc -lm -Wl,--end-group
Finished building target: Lab 6 Electronic lock.elf
 
arm-none-eabi-objdump -h -S  Lab\ 6\ Electronic\ lock.elf  > "Lab 6 Electronic lock.list"
arm-none-eabi-size   Lab\ 6\ Electronic\ lock.elf 
   text	   data	    bss	    dec	    hex	filename
   2528	    116	   1564	   4208	   1070	Lab 6 Electronic lock.elf
Finished building: default.size.stdout
Finished building: Lab 6 Electronic lock.list
 
 
22:23:07 **** Incremental Build of configuration Debug for project Lab 6 Electronic lock ****
make -j8 all 
arm-none-eabi-gcc -mcpu=cortex-m4 -g3 -c -x assembler-with-cpp --specs=nano.specs -mfpu=fpv4-sp-d16 -mfloat-abi=hard -mthumb -o "Src/Main.o" "../Src/Main.s"
arm-none-eabi-gcc -o "Lab 6 Electronic lock.elf" @"objects.list"   -mcpu=cortex-m4 -T"C:\School\Embedded 1\Lab 6 Electronic lock\STM32F446RETX_FLASH.ld" --specs=nosys.specs -Wl,-Map="Lab 6 Electronic lock.map" -Wl,--gc-sections -static --specs=nano.specs -mfpu=fpv4-sp-d16 -mfloat-abi=hard -mthumb -Wl,--start-group -lc -lm -Wl,--end-group
Finished building target: Lab 6 Electronic lock.elf
 
arm-none-eabi-objdump -h -S  Lab\ 6\ Electronic\ lock.elf  > "Lab 6 Electronic lock.list"
arm-none-eabi-size   Lab\ 6\ Electronic\ lock.elf 
   text	   data	    bss	    dec	    hex	filename
   2524	    116	   1564	   4204	   106c	Lab 6 Electronic lock.elf
Finished building: default.size.stdout
Finished building: Lab 6 Electronic lock.list
 
 
22:32:42 **** Incremental Build of configuration Debug for project Lab 7 decimal to hex game ****
make -j8 all 
arm-none-eabi-gcc -mcpu=cortex-m4 -g3 -c -x assembler-with-cpp --specs=nano.specs -mfpu=fpv4-sp-d16 -mfloat-abi=hard -mthumb -o "Src/Lcd.o" "../Src/Lcd.s"
arm-none-eabi-gcc -mcpu=cortex-m4 -g3 -c -x assembler-with-cpp --specs=nano.specs -mfpu=fpv4-sp-d16 -mfloat-abi=hard -mthumb -o "Src/timer.o" "../Src/timer.s"
arm-none-eabi-gcc -o "Lab 7 decimal to hex game.elf" @"objects.list"   -mcpu=cortex-m4 -T"C:\School\Embedded 1\Lab 7 decimal to hex game\STM32F446RETX_FLASH.ld" --specs=nosys.specs -Wl,-Map="Lab 7 decimal to hex game.map" -Wl,--gc-sections -static --specs=nano.specs -mfpu=fpv4-sp-d16 -mfloat-abi=hard -mthumb -Wl,--start-group -lc -lm -Wl,--end-group
Src/Main.o: In function `reset_lcd':
C:/School/Embedded 1/Lab 7 decimal to hex game/Debug/../Src/Main.s:93: undefined reference to `led_turn_off'
collect2.exe: error: ld returned 1 exit status
make: *** [makefile:40: Lab 7 decimal to hex game.elf] Error 1
"make -j8 all" terminated with exit code 2. Build might be incomplete.
22:33:03 **** Incremental Build of configuration Debug for project Lab 7 decimal to hex game ****
make -j8 all 
arm-none-eabi-gcc -mcpu=cortex-m4 -g3 -c -x assembler-with-cpp --specs=nano.specs -mfpu=fpv4-sp-d16 -mfloat-abi=hard -mthumb -o "Src/Main.o" "../Src/Main.s"
arm-none-eabi-gcc -o "Lab 7 decimal to hex game.elf" @"objects.list"   -mcpu=cortex-m4 -T"C:\School\Embedded 1\Lab 7 decimal to hex game\STM32F446RETX_FLASH.ld" --specs=nosys.specs -Wl,-Map="Lab 7 decimal to hex game.map" -Wl,--gc-sections -static --specs=nano.specs -mfpu=fpv4-sp-d16 -mfloat-abi=hard -mthumb -Wl,--start-group -lc -lm -Wl,--end-group
Finished building target: Lab 7 decimal to hex game.elf
 
arm-none-eabi-objdump -h -S  Lab\ 7\ decimal\ to\ hex\ game.elf  > "Lab 7 decimal to hex game.list"
arm-none-eabi-size   Lab\ 7\ decimal\ to\ hex\ game.elf 
   text	   data	    bss	    dec	    hex	filename
   2800	    144	   1568	   4512	   11a0	Lab 7 decimal to hex game.elf
Finished building: default.size.stdout
Finished building: Lab 7 decimal to hex game.list
 
 
22:38:07 **** Incremental Build of configuration Debug for project Lab 7 decimal to hex game ****
make -j8 all 
arm-none-eabi-gcc -mcpu=cortex-m4 -g3 -c -x assembler-with-cpp --specs=nano.specs -mfpu=fpv4-sp-d16 -mfloat-abi=hard -mthumb -o "Src/Main.o" "../Src/Main.s"
arm-none-eabi-gcc -o "Lab 7 decimal to hex game.elf" @"objects.list"   -mcpu=cortex-m4 -T"C:\School\Embedded 1\Lab 7 decimal to hex game\STM32F446RETX_FLASH.ld" --specs=nosys.specs -Wl,-Map="Lab 7 decimal to hex game.map" -Wl,--gc-sections -static --specs=nano.specs -mfpu=fpv4-sp-d16 -mfloat-abi=hard -mthumb -Wl,--start-group -lc -lm -Wl,--end-group
Finished building target: Lab 7 decimal to hex game.elf
 
arm-none-eabi-objdump -h -S  Lab\ 7\ decimal\ to\ hex\ game.elf  > "Lab 7 decimal to hex game.list"
arm-none-eabi-size   Lab\ 7\ decimal\ to\ hex\ game.elf 
   text	   data	    bss	    dec	    hex	filename
   2908	    144	   1568	   4620	   120c	Lab 7 decimal to hex game.elf
Finished building: default.size.stdout
Finished building: Lab 7 decimal to hex game.list
 
 
22:38:10 **** Incremental Build of configuration Debug for project Lab 7 decimal to hex game ****
make -j8 all 
arm-none-eabi-size   Lab\ 7\ decimal\ to\ hex\ game.elf 
   text	   data	    bss	    dec	    hex	filename
   2908	    144	   1568	   4620	   120c	Lab 7 decimal to hex game.elf
Finished building: default.size.stdout
 
22:43:17 **** Incremental Build of configuration Debug for project Lab 7 decimal to hex game ****
make -j8 all 
arm-none-eabi-gcc -mcpu=cortex-m4 -g3 -c -x assembler-with-cpp --specs=nano.specs -mfpu=fpv4-sp-d16 -mfloat-abi=hard -mthumb -o "Src/Lcd.o" "../Src/Lcd.s"
arm-none-eabi-gcc -mcpu=cortex-m4 -g3 -c -x assembler-with-cpp --specs=nano.specs -mfpu=fpv4-sp-d16 -mfloat-abi=hard -mthumb -o "Src/Main.o" "../Src/Main.s"
../Src/Lcd.s: Assembler messages:
../Src/Lcd.s:55: Error: missing expression -- `bl'
../Src/Lcd.s:77: Error: bad instruction `c mov r1,#0x06'
make: *** [Src/subdir.mk:27: Src/Lcd.o] Error 1
make: *** Waiting for unfinished jobs....
"make -j8 all" terminated with exit code 2. Build might be incomplete.
22:43:32 **** Incremental Build of configuration Debug for project Lab 7 decimal to hex game ****
make -j8 all 
arm-none-eabi-gcc -mcpu=cortex-m4 -g3 -c -x assembler-with-cpp --specs=nano.specs -mfpu=fpv4-sp-d16 -mfloat-abi=hard -mthumb -o "Src/Lcd.o" "../Src/Lcd.s"
../Src/Lcd.s: Assembler messages:
../Src/Lcd.s:77: Error: bad instruction `c mov r1,#0x06'
make: *** [Src/subdir.mk:27: Src/Lcd.o] Error 1
"make -j8 all" terminated with exit code 2. Build might be incomplete.
22:43:43 **** Incremental Build of configuration Debug for project Lab 7 decimal to hex game ****
make -j8 all 
arm-none-eabi-gcc -mcpu=cortex-m4 -g3 -c -x assembler-with-cpp --specs=nano.specs -mfpu=fpv4-sp-d16 -mfloat-abi=hard -mthumb -o "Src/Lcd.o" "../Src/Lcd.s"
../Src/Lcd.s: Assembler messages:
../Src/Lcd.s:77: Error: bad instruction `c mov r1,#0x06'
make: *** [Src/subdir.mk:27: Src/Lcd.o] Error 1
"make -j8 all" terminated with exit code 2. Build might be incomplete.
22:43:48 **** Incremental Build of configuration Debug for project Lab 7 decimal to hex game ****
make -j8 all 
arm-none-eabi-gcc -mcpu=cortex-m4 -g3 -c -x assembler-with-cpp --specs=nano.specs -mfpu=fpv4-sp-d16 -mfloat-abi=hard -mthumb -o "Src/Lcd.o" "../Src/Lcd.s"
arm-none-eabi-gcc -o "Lab 7 decimal to hex game.elf" @"objects.list"   -mcpu=cortex-m4 -T"C:\School\Embedded 1\Lab 7 decimal to hex game\STM32F446RETX_FLASH.ld" --specs=nosys.specs -Wl,-Map="Lab 7 decimal to hex game.map" -Wl,--gc-sections -static --specs=nano.specs -mfpu=fpv4-sp-d16 -mfloat-abi=hard -mthumb -Wl,--start-group -lc -lm -Wl,--end-group
Finished building target: Lab 7 decimal to hex game.elf
 
arm-none-eabi-objdump -h -S  Lab\ 7\ decimal\ to\ hex\ game.elf  > "Lab 7 decimal to hex game.list"
arm-none-eabi-size   Lab\ 7\ decimal\ to\ hex\ game.elf 
   text	   data	    bss	    dec	    hex	filename
   2916	    144	   1568	   4628	   1214	Lab 7 decimal to hex game.elf
Finished building: default.size.stdout
Finished building: Lab 7 decimal to hex game.list
 
 
22:44:13 **** Incremental Build of configuration Debug for project Lab 7 decimal to hex game ****
make -j8 all 
arm-none-eabi-gcc -mcpu=cortex-m4 -g3 -c -x assembler-with-cpp --specs=nano.specs -mfpu=fpv4-sp-d16 -mfloat-abi=hard -mthumb -o "Src/Lcd.o" "../Src/Lcd.s"
arm-none-eabi-gcc -o "Lab 7 decimal to hex game.elf" @"objects.list"   -mcpu=cortex-m4 -T"C:\School\Embedded 1\Lab 7 decimal to hex game\STM32F446RETX_FLASH.ld" --specs=nosys.specs -Wl,-Map="Lab 7 decimal to hex game.map" -Wl,--gc-sections -static --specs=nano.specs -mfpu=fpv4-sp-d16 -mfloat-abi=hard -mthumb -Wl,--start-group -lc -lm -Wl,--end-group
Finished building target: Lab 7 decimal to hex game.elf
 
arm-none-eabi-objdump -h -S  Lab\ 7\ decimal\ to\ hex\ game.elf  > "Lab 7 decimal to hex game.list"
arm-none-eabi-size   Lab\ 7\ decimal\ to\ hex\ game.elf 
   text	   data	    bss	    dec	    hex	filename
   2916	    144	   1568	   4628	   1214	Lab 7 decimal to hex game.elf
Finished building: default.size.stdout
Finished building: Lab 7 decimal to hex game.list
 
 
22:44:16 **** Incremental Build of configuration Debug for project Lab 7 decimal to hex game ****
make -j8 all 
arm-none-eabi-size   Lab\ 7\ decimal\ to\ hex\ game.elf 
   text	   data	    bss	    dec	    hex	filename
   2916	    144	   1568	   4628	   1214	Lab 7 decimal to hex game.elf
Finished building: default.size.stdout
 
22:44:51 **** Incremental Build of configuration Debug for project Lab 7 decimal to hex game ****
make -j8 all 
arm-none-eabi-gcc -mcpu=cortex-m4 -g3 -c -x assembler-with-cpp --specs=nano.specs -mfpu=fpv4-sp-d16 -mfloat-abi=hard -mthumb -o "Src/Main.o" "../Src/Main.s"
arm-none-eabi-gcc -o "Lab 7 decimal to hex game.elf" @"objects.list"   -mcpu=cortex-m4 -T"C:\School\Embedded 1\Lab 7 decimal to hex game\STM32F446RETX_FLASH.ld" --specs=nosys.specs -Wl,-Map="Lab 7 decimal to hex game.map" -Wl,--gc-sections -static --specs=nano.specs -mfpu=fpv4-sp-d16 -mfloat-abi=hard -mthumb -Wl,--start-group -lc -lm -Wl,--end-group
Finished building target: Lab 7 decimal to hex game.elf
 
arm-none-eabi-objdump -h -S  Lab\ 7\ decimal\ to\ hex\ game.elf  > "Lab 7 decimal to hex game.list"
arm-none-eabi-size   Lab\ 7\ decimal\ to\ hex\ game.elf 
   text	   data	    bss	    dec	    hex	filename
   2924	    144	   1568	   4636	   121c	Lab 7 decimal to hex game.elf
Finished building: default.size.stdout
Finished building: Lab 7 decimal to hex game.list
 
 
22:45:42 **** Incremental Build of configuration Debug for project Lab 7 decimal to hex game ****
make -j8 all 
arm-none-eabi-size   Lab\ 7\ decimal\ to\ hex\ game.elf 
   text	   data	    bss	    dec	    hex	filename
   2924	    144	   1568	   4636	   121c	Lab 7 decimal to hex game.elf
Finished building: default.size.stdout
 
22:59:09 **** Incremental Build of configuration Debug for project Lab 7 decimal to hex game ****
make -j8 all 
arm-none-eabi-gcc -mcpu=cortex-m4 -g3 -c -x assembler-with-cpp --specs=nano.specs -mfpu=fpv4-sp-d16 -mfloat-abi=hard -mthumb -o "Src/timer.o" "../Src/timer.s"
arm-none-eabi-gcc -o "Lab 7 decimal to hex game.elf" @"objects.list"   -mcpu=cortex-m4 -T"C:\School\Embedded 1\Lab 7 decimal to hex game\STM32F446RETX_FLASH.ld" --specs=nosys.specs -Wl,-Map="Lab 7 decimal to hex game.map" -Wl,--gc-sections -static --specs=nano.specs -mfpu=fpv4-sp-d16 -mfloat-abi=hard -mthumb -Wl,--start-group -lc -lm -Wl,--end-group
Finished building target: Lab 7 decimal to hex game.elf
 
arm-none-eabi-objdump -h -S  Lab\ 7\ decimal\ to\ hex\ game.elf  > "Lab 7 decimal to hex game.list"
arm-none-eabi-size   Lab\ 7\ decimal\ to\ hex\ game.elf 
   text	   data	    bss	    dec	    hex	filename
   2928	    144	   1568	   4640	   1220	Lab 7 decimal to hex game.elf
Finished building: default.size.stdout
Finished building: Lab 7 decimal to hex game.list
 
 
23:05:17 **** Incremental Build of configuration Debug for project Lab 7 decimal to hex game ****
make -j8 all 
arm-none-eabi-gcc -mcpu=cortex-m4 -g3 -c -x assembler-with-cpp --specs=nano.specs -mfpu=fpv4-sp-d16 -mfloat-abi=hard -mthumb -o "Src/timer.o" "../Src/timer.s"
../Src/timer.s: Assembler messages:
../Src/timer.s:75: Error: undefined symbol COUNTFLAG used as an immediate value
make: *** [Src/subdir.mk:27: Src/timer.o] Error 1
"make -j8 all" terminated with exit code 2. Build might be incomplete.
23:07:05 **** Incremental Build of configuration Debug for project Lab 7 decimal to hex game ****
make -j8 all 
arm-none-eabi-gcc -mcpu=cortex-m4 -g3 -c -x assembler-with-cpp --specs=nano.specs -mfpu=fpv4-sp-d16 -mfloat-abi=hard -mthumb -o "Src/timer.o" "../Src/timer.s"
arm-none-eabi-gcc -o "Lab 7 decimal to hex game.elf" @"objects.list"   -mcpu=cortex-m4 -T"C:\School\Embedded 1\Lab 7 decimal to hex game\STM32F446RETX_FLASH.ld" --specs=nosys.specs -Wl,-Map="Lab 7 decimal to hex game.map" -Wl,--gc-sections -static --specs=nano.specs -mfpu=fpv4-sp-d16 -mfloat-abi=hard -mthumb -Wl,--start-group -lc -lm -Wl,--end-group
Finished building target: Lab 7 decimal to hex game.elf
 
arm-none-eabi-objdump -h -S  Lab\ 7\ decimal\ to\ hex\ game.elf  > "Lab 7 decimal to hex game.list"
arm-none-eabi-size   Lab\ 7\ decimal\ to\ hex\ game.elf 
   text	   data	    bss	    dec	    hex	filename
   2932	    144	   1568	   4644	   1224	Lab 7 decimal to hex game.elf
Finished building: default.size.stdout
Finished building: Lab 7 decimal to hex game.list
 
 
23:07:08 **** Incremental Build of configuration Debug for project Lab 7 decimal to hex game ****
make -j8 all 
arm-none-eabi-size   Lab\ 7\ decimal\ to\ hex\ game.elf 
   text	   data	    bss	    dec	    hex	filename
   2932	    144	   1568	   4644	   1224	Lab 7 decimal to hex game.elf
Finished building: default.size.stdout
 
23:11:12 **** Incremental Build of configuration Debug for project Lab 7 decimal to hex game ****
make -j8 all 
arm-none-eabi-gcc -mcpu=cortex-m4 -g3 -c -x assembler-with-cpp --specs=nano.specs -mfpu=fpv4-sp-d16 -mfloat-abi=hard -mthumb -o "Src/timer.o" "../Src/timer.s"
arm-none-eabi-gcc -o "Lab 7 decimal to hex game.elf" @"objects.list"   -mcpu=cortex-m4 -T"C:\School\Embedded 1\Lab 7 decimal to hex game\STM32F446RETX_FLASH.ld" --specs=nosys.specs -Wl,-Map="Lab 7 decimal to hex game.map" -Wl,--gc-sections -static --specs=nano.specs -mfpu=fpv4-sp-d16 -mfloat-abi=hard -mthumb -Wl,--start-group -lc -lm -Wl,--end-group
Finished building target: Lab 7 decimal to hex game.elf
 
arm-none-eabi-objdump -h -S  Lab\ 7\ decimal\ to\ hex\ game.elf  > "Lab 7 decimal to hex game.list"
arm-none-eabi-size   Lab\ 7\ decimal\ to\ hex\ game.elf 
   text	   data	    bss	    dec	    hex	filename
   2944	    144	   1568	   4656	   1230	Lab 7 decimal to hex game.elf
Finished building: default.size.stdout
Finished building: Lab 7 decimal to hex game.list
 
 
23:11:23 **** Incremental Build of configuration Debug for project Lab 7 decimal to hex game ****
make -j8 all 
arm-none-eabi-size   Lab\ 7\ decimal\ to\ hex\ game.elf 
   text	   data	    bss	    dec	    hex	filename
   2944	    144	   1568	   4656	   1230	Lab 7 decimal to hex game.elf
Finished building: default.size.stdout
 
23:12:46 **** Incremental Build of configuration Debug for project Lab 7 decimal to hex game ****
make -j8 all 
arm-none-eabi-gcc -mcpu=cortex-m4 -g3 -c -x assembler-with-cpp --specs=nano.specs -mfpu=fpv4-sp-d16 -mfloat-abi=hard -mthumb -o "Src/timer.o" "../Src/timer.s"
arm-none-eabi-gcc -o "Lab 7 decimal to hex game.elf" @"objects.list"   -mcpu=cortex-m4 -T"C:\School\Embedded 1\Lab 7 decimal to hex game\STM32F446RETX_FLASH.ld" --specs=nosys.specs -Wl,-Map="Lab 7 decimal to hex game.map" -Wl,--gc-sections -static --specs=nano.specs -mfpu=fpv4-sp-d16 -mfloat-abi=hard -mthumb -Wl,--start-group -lc -lm -Wl,--end-group
Finished building target: Lab 7 decimal to hex game.elf
 
arm-none-eabi-objdump -h -S  Lab\ 7\ decimal\ to\ hex\ game.elf  > "Lab 7 decimal to hex game.list"
arm-none-eabi-size   Lab\ 7\ decimal\ to\ hex\ game.elf 
   text	   data	    bss	    dec	    hex	filename
   2944	    144	   1568	   4656	   1230	Lab 7 decimal to hex game.elf
Finished building: default.size.stdout
Finished building: Lab 7 decimal to hex game.list
 
 
23:14:19 **** Incremental Build of configuration Debug for project Lab 7 decimal to hex game ****
make -j8 all 
arm-none-eabi-size   Lab\ 7\ decimal\ to\ hex\ game.elf 
   text	   data	    bss	    dec	    hex	filename
   2944	    144	   1568	   4656	   1230	Lab 7 decimal to hex game.elf
Finished building: default.size.stdout
 
23:28:54 **** Incremental Build of configuration Debug for project Lab 7 decimal to hex game ****
make -j8 all 
arm-none-eabi-gcc -mcpu=cortex-m4 -g3 -c -x assembler-with-cpp --specs=nano.specs -mfpu=fpv4-sp-d16 -mfloat-abi=hard -mthumb -o "Src/timer.o" "../Src/timer.s"
arm-none-eabi-gcc -o "Lab 7 decimal to hex game.elf" @"objects.list"   -mcpu=cortex-m4 -T"C:\School\Embedded 1\Lab 7 decimal to hex game\STM32F446RETX_FLASH.ld" --specs=nosys.specs -Wl,-Map="Lab 7 decimal to hex game.map" -Wl,--gc-sections -static --specs=nano.specs -mfpu=fpv4-sp-d16 -mfloat-abi=hard -mthumb -Wl,--start-group -lc -lm -Wl,--end-group
Finished building target: Lab 7 decimal to hex game.elf
 
arm-none-eabi-objdump -h -S  Lab\ 7\ decimal\ to\ hex\ game.elf  > "Lab 7 decimal to hex game.list"
arm-none-eabi-size   Lab\ 7\ decimal\ to\ hex\ game.elf 
   text	   data	    bss	    dec	    hex	filename
   2932	    144	   1568	   4644	   1224	Lab 7 decimal to hex game.elf
Finished building: default.size.stdout
Finished building: Lab 7 decimal to hex game.list
 
 
23:30:19 **** Incremental Build of configuration Debug for project Lab 7 decimal to hex game ****
make -j8 all 
arm-none-eabi-size   Lab\ 7\ decimal\ to\ hex\ game.elf 
   text	   data	    bss	    dec	    hex	filename
   2932	    144	   1568	   4644	   1224	Lab 7 decimal to hex game.elf
Finished building: default.size.stdout
 
23:30:40 **** Incremental Build of configuration Debug for project Lab 7 decimal to hex game ****
make -j8 all 
arm-none-eabi-size   Lab\ 7\ decimal\ to\ hex\ game.elf 
   text	   data	    bss	    dec	    hex	filename
   2932	    144	   1568	   4644	   1224	Lab 7 decimal to hex game.elf
Finished building: default.size.stdout
 
23:38:03 **** Incremental Build of configuration Debug for project Lab 7 decimal to hex game ****
make -j8 all 
arm-none-eabi-gcc -mcpu=cortex-m4 -g3 -c -x assembler-with-cpp --specs=nano.specs -mfpu=fpv4-sp-d16 -mfloat-abi=hard -mthumb -o "Src/timer.o" "../Src/timer.s"
arm-none-eabi-gcc -o "Lab 7 decimal to hex game.elf" @"objects.list"   -mcpu=cortex-m4 -T"C:\School\Embedded 1\Lab 7 decimal to hex game\STM32F446RETX_FLASH.ld" --specs=nosys.specs -Wl,-Map="Lab 7 decimal to hex game.map" -Wl,--gc-sections -static --specs=nano.specs -mfpu=fpv4-sp-d16 -mfloat-abi=hard -mthumb -Wl,--start-group -lc -lm -Wl,--end-group
Finished building target: Lab 7 decimal to hex game.elf
 
arm-none-eabi-objdump -h -S  Lab\ 7\ decimal\ to\ hex\ game.elf  > "Lab 7 decimal to hex game.list"
arm-none-eabi-size   Lab\ 7\ decimal\ to\ hex\ game.elf 
   text	   data	    bss	    dec	    hex	filename
   2932	    144	   1568	   4644	   1224	Lab 7 decimal to hex game.elf
Finished building: default.size.stdout
Finished building: Lab 7 decimal to hex game.list
 
 
23:39:46 **** Incremental Build of configuration Debug for project Lab 7 decimal to hex game ****
make -j8 all 
arm-none-eabi-gcc -mcpu=cortex-m4 -g3 -c -x assembler-with-cpp --specs=nano.specs -mfpu=fpv4-sp-d16 -mfloat-abi=hard -mthumb -o "Src/Main.o" "../Src/Main.s"
arm-none-eabi-gcc -o "Lab 7 decimal to hex game.elf" @"objects.list"   -mcpu=cortex-m4 -T"C:\School\Embedded 1\Lab 7 decimal to hex game\STM32F446RETX_FLASH.ld" --specs=nosys.specs -Wl,-Map="Lab 7 decimal to hex game.map" -Wl,--gc-sections -static --specs=nano.specs -mfpu=fpv4-sp-d16 -mfloat-abi=hard -mthumb -Wl,--start-group -lc -lm -Wl,--end-group
Finished building target: Lab 7 decimal to hex game.elf
 
arm-none-eabi-objdump -h -S  Lab\ 7\ decimal\ to\ hex\ game.elf  > "Lab 7 decimal to hex game.list"
arm-none-eabi-size   Lab\ 7\ decimal\ to\ hex\ game.elf 
   text	   data	    bss	    dec	    hex	filename
   2932	    144	   1568	   4644	   1224	Lab 7 decimal to hex game.elf
Finished building: default.size.stdout
Finished building: Lab 7 decimal to hex game.list
 
 
23:40:07 **** Incremental Build of configuration Debug for project Lab 7 decimal to hex game ****
make -j8 all 
arm-none-eabi-size   Lab\ 7\ decimal\ to\ hex\ game.elf 
   text	   data	    bss	    dec	    hex	filename
   2932	    144	   1568	   4644	   1224	Lab 7 decimal to hex game.elf
Finished building: default.size.stdout
 
23:40:43 **** Incremental Build of configuration Debug for project Lab 7 decimal to hex game ****
make -j8 all 
arm-none-eabi-gcc -mcpu=cortex-m4 -g3 -c -x assembler-with-cpp --specs=nano.specs -mfpu=fpv4-sp-d16 -mfloat-abi=hard -mthumb -o "Src/Main.o" "../Src/Main.s"
arm-none-eabi-gcc -o "Lab 7 decimal to hex game.elf" @"objects.list"   -mcpu=cortex-m4 -T"C:\School\Embedded 1\Lab 7 decimal to hex game\STM32F446RETX_FLASH.ld" --specs=nosys.specs -Wl,-Map="Lab 7 decimal to hex game.map" -Wl,--gc-sections -static --specs=nano.specs -mfpu=fpv4-sp-d16 -mfloat-abi=hard -mthumb -Wl,--start-group -lc -lm -Wl,--end-group
Finished building target: Lab 7 decimal to hex game.elf
 
arm-none-eabi-objdump -h -S  Lab\ 7\ decimal\ to\ hex\ game.elf  > "Lab 7 decimal to hex game.list"
arm-none-eabi-size   Lab\ 7\ decimal\ to\ hex\ game.elf 
   text	   data	    bss	    dec	    hex	filename
   2936	    144	   1568	   4648	   1228	Lab 7 decimal to hex game.elf
Finished building: default.size.stdout
Finished building: Lab 7 decimal to hex game.list
 
 
23:43:09 **** Incremental Build of configuration Debug for project Lab 7 decimal to hex game ****
make -j8 all 
arm-none-eabi-gcc -mcpu=cortex-m4 -g3 -c -x assembler-with-cpp --specs=nano.specs -mfpu=fpv4-sp-d16 -mfloat-abi=hard -mthumb -o "Src/timer.o" "../Src/timer.s"
arm-none-eabi-gcc -o "Lab 7 decimal to hex game.elf" @"objects.list"   -mcpu=cortex-m4 -T"C:\School\Embedded 1\Lab 7 decimal to hex game\STM32F446RETX_FLASH.ld" --specs=nosys.specs -Wl,-Map="Lab 7 decimal to hex game.map" -Wl,--gc-sections -static --specs=nano.specs -mfpu=fpv4-sp-d16 -mfloat-abi=hard -mthumb -Wl,--start-group -lc -lm -Wl,--end-group
Finished building target: Lab 7 decimal to hex game.elf
 
arm-none-eabi-objdump -h -S  Lab\ 7\ decimal\ to\ hex\ game.elf  > "Lab 7 decimal to hex game.list"
arm-none-eabi-size   Lab\ 7\ decimal\ to\ hex\ game.elf 
   text	   data	    bss	    dec	    hex	filename
   2932	    144	   1568	   4644	   1224	Lab 7 decimal to hex game.elf
Finished building: default.size.stdout
Finished building: Lab 7 decimal to hex game.list
 
 
23:47:18 **** Incremental Build of configuration Debug for project Lab 7 decimal to hex game ****
make -j8 all 
arm-none-eabi-gcc -mcpu=cortex-m4 -g3 -c -x assembler-with-cpp --specs=nano.specs -mfpu=fpv4-sp-d16 -mfloat-abi=hard -mthumb -o "Src/Main.o" "../Src/Main.s"
arm-none-eabi-gcc -mcpu=cortex-m4 -g3 -c -x assembler-with-cpp --specs=nano.specs -mfpu=fpv4-sp-d16 -mfloat-abi=hard -mthumb -o "Src/timer.o" "../Src/timer.s"
arm-none-eabi-gcc -o "Lab 7 decimal to hex game.elf" @"objects.list"   -mcpu=cortex-m4 -T"C:\School\Embedded 1\Lab 7 decimal to hex game\STM32F446RETX_FLASH.ld" --specs=nosys.specs -Wl,-Map="Lab 7 decimal to hex game.map" -Wl,--gc-sections -static --specs=nano.specs -mfpu=fpv4-sp-d16 -mfloat-abi=hard -mthumb -Wl,--start-group -lc -lm -Wl,--end-group
Finished building target: Lab 7 decimal to hex game.elf
 
arm-none-eabi-objdump -h -S  Lab\ 7\ decimal\ to\ hex\ game.elf  > "Lab 7 decimal to hex game.list"
arm-none-eabi-size   Lab\ 7\ decimal\ to\ hex\ game.elf 
   text	   data	    bss	    dec	    hex	filename
   2928	    144	   1568	   4640	   1220	Lab 7 decimal to hex game.elf
Finished building: default.size.stdout
Finished building: Lab 7 decimal to hex game.list
 
 
23:47:30 **** Incremental Build of configuration Debug for project Lab 7 decimal to hex game ****
make -j8 all 
arm-none-eabi-size   Lab\ 7\ decimal\ to\ hex\ game.elf 
   text	   data	    bss	    dec	    hex	filename
[...]
make -j8 all 
arm-none-eabi-size   Lab\ 8\ Temp\ Sensor.elf 
   text	   data	    bss	    dec	    hex	filename
   3460	    132	   1564	   5156	   1424	Lab 8 Temp Sensor.elf
Finished building: default.size.stdout
 
16:20:24 **** Incremental Build of configuration Debug for project Lab 8 Temp Sensor ****
make -j8 all 
arm-none-eabi-gcc -mcpu=cortex-m4 -g3 -c -x assembler-with-cpp --specs=nano.specs -mfpu=fpv4-sp-d16 -mfloat-abi=hard -mthumb -o "Src/adc.o" "../Src/adc.s"
arm-none-eabi-gcc -o "Lab 8 Temp Sensor.elf" @"objects.list"   -mcpu=cortex-m4 -T"C:\School\Embedded 1\Lab 8 Temp Sensor\STM32F446RETX_FLASH.ld" --specs=nosys.specs -Wl,-Map="Lab 8 Temp Sensor.map" -Wl,--gc-sections -static --specs=nano.specs -mfpu=fpv4-sp-d16 -mfloat-abi=hard -mthumb -Wl,--start-group -lc -lm -Wl,--end-group
Finished building target: Lab 8 Temp Sensor.elf
 
arm-none-eabi-objdump -h -S  Lab\ 8\ Temp\ Sensor.elf  > "Lab 8 Temp Sensor.list"
arm-none-eabi-size   Lab\ 8\ Temp\ Sensor.elf 
   text	   data	    bss	    dec	    hex	filename
   3460	    132	   1564	   5156	   1424	Lab 8 Temp Sensor.elf
Finished building: default.size.stdout
Finished building: Lab 8 Temp Sensor.list
 
 
16:22:31 **** Incremental Build of configuration Debug for project Lab 8 Temp Sensor ****
make -j8 all 
arm-none-eabi-gcc -mcpu=cortex-m4 -g3 -c -x assembler-with-cpp --specs=nano.specs -mfpu=fpv4-sp-d16 -mfloat-abi=hard -mthumb -o "Src/Main.o" "../Src/Main.s"
arm-none-eabi-gcc -o "Lab 8 Temp Sensor.elf" @"objects.list"   -mcpu=cortex-m4 -T"C:\School\Embedded 1\Lab 8 Temp Sensor\STM32F446RETX_FLASH.ld" --specs=nosys.specs -Wl,-Map="Lab 8 Temp Sensor.map" -Wl,--gc-sections -static --specs=nano.specs -mfpu=fpv4-sp-d16 -mfloat-abi=hard -mthumb -Wl,--start-group -lc -lm -Wl,--end-group
Finished building target: Lab 8 Temp Sensor.elf
 
arm-none-eabi-objdump -h -S  Lab\ 8\ Temp\ Sensor.elf  > "Lab 8 Temp Sensor.list"
arm-none-eabi-size   Lab\ 8\ Temp\ Sensor.elf 
   text	   data	    bss	    dec	    hex	filename
   3460	    132	   1564	   5156	   1424	Lab 8 Temp Sensor.elf
Finished building: default.size.stdout
Finished building: Lab 8 Temp Sensor.list
 
 
16:23:55 **** Incremental Build of configuration Debug for project Lab 8 Temp Sensor ****
make -j8 all 
arm-none-eabi-size   Lab\ 8\ Temp\ Sensor.elf 
   text	   data	    bss	    dec	    hex	filename
   3460	    132	   1564	   5156	   1424	Lab 8 Temp Sensor.elf
Finished building: default.size.stdout
 
16:25:26 **** Incremental Build of configuration Debug for project Lab 8 Temp Sensor ****
make -j8 all 
arm-none-eabi-gcc -mcpu=cortex-m4 -g3 -c -x assembler-with-cpp --specs=nano.specs -mfpu=fpv4-sp-d16 -mfloat-abi=hard -mthumb -o "Src/Main.o" "../Src/Main.s"
arm-none-eabi-gcc -o "Lab 8 Temp Sensor.elf" @"objects.list"   -mcpu=cortex-m4 -T"C:\School\Embedded 1\Lab 8 Temp Sensor\STM32F446RETX_FLASH.ld" --specs=nosys.specs -Wl,-Map="Lab 8 Temp Sensor.map" -Wl,--gc-sections -static --specs=nano.specs -mfpu=fpv4-sp-d16 -mfloat-abi=hard -mthumb -Wl,--start-group -lc -lm -Wl,--end-group
Finished building target: Lab 8 Temp Sensor.elf
 
arm-none-eabi-objdump -h -S  Lab\ 8\ Temp\ Sensor.elf  > "Lab 8 Temp Sensor.list"
arm-none-eabi-size   Lab\ 8\ Temp\ Sensor.elf 
   text	   data	    bss	    dec	    hex	filename
   3460	    132	   1564	   5156	   1424	Lab 8 Temp Sensor.elf
Finished building: default.size.stdout
Finished building: Lab 8 Temp Sensor.list
 
 
16:27:02 **** Incremental Build of configuration Debug for project Lab 8 Temp Sensor ****
make -j8 all 
arm-none-eabi-gcc -mcpu=cortex-m4 -g3 -c -x assembler-with-cpp --specs=nano.specs -mfpu=fpv4-sp-d16 -mfloat-abi=hard -mthumb -o "Src/Main.o" "../Src/Main.s"
arm-none-eabi-gcc -o "Lab 8 Temp Sensor.elf" @"objects.list"   -mcpu=cortex-m4 -T"C:\School\Embedded 1\Lab 8 Temp Sensor\STM32F446RETX_FLASH.ld" --specs=nosys.specs -Wl,-Map="Lab 8 Temp Sensor.map" -Wl,--gc-sections -static --specs=nano.specs -mfpu=fpv4-sp-d16 -mfloat-abi=hard -mthumb -Wl,--start-group -lc -lm -Wl,--end-group
Finished building target: Lab 8 Temp Sensor.elf
 
arm-none-eabi-objdump -h -S  Lab\ 8\ Temp\ Sensor.elf  > "Lab 8 Temp Sensor.list"
arm-none-eabi-size   Lab\ 8\ Temp\ Sensor.elf 
   text	   data	    bss	    dec	    hex	filename
   3460	    132	   1564	   5156	   1424	Lab 8 Temp Sensor.elf
Finished building: default.size.stdout
Finished building: Lab 8 Temp Sensor.list
 
 
16:31:14 **** Incremental Build of configuration Debug for project Lab 8 Temp Sensor ****
make -j8 all 
arm-none-eabi-gcc -mcpu=cortex-m4 -g3 -c -x assembler-with-cpp --specs=nano.specs -mfpu=fpv4-sp-d16 -mfloat-abi=hard -mthumb -o "Src/Convert.o" "../Src/Convert.s"
../Src/Convert.s: Assembler messages:
../Src/Convert.s:165: Error: instruction not allowed in IT block -- `mov r1,r0'
../Src/Convert.s:166: Error: thumb conditional instruction should be in IT block -- `bleq convert_to_f'
make: *** [Src/subdir.mk:27: Src/Convert.o] Error 1
"make -j8 all" terminated with exit code 2. Build might be incomplete.
16:31:30 **** Incremental Build of configuration Debug for project Lab 8 Temp Sensor ****
make -j8 all 
arm-none-eabi-gcc -mcpu=cortex-m4 -g3 -c -x assembler-with-cpp --specs=nano.specs -mfpu=fpv4-sp-d16 -mfloat-abi=hard -mthumb -o "Src/Convert.o" "../Src/Convert.s"
../Src/Convert.s: Assembler messages:
../Src/Convert.s:166: Error: thumb conditional instruction should be in IT block -- `bleq convert_to_f'
make: *** [Src/subdir.mk:27: Src/Convert.o] Error 1
"make -j8 all" terminated with exit code 2. Build might be incomplete.
16:32:04 **** Incremental Build of configuration Debug for project Lab 8 Temp Sensor ****
make -j8 all 
arm-none-eabi-gcc -mcpu=cortex-m4 -g3 -c -x assembler-with-cpp --specs=nano.specs -mfpu=fpv4-sp-d16 -mfloat-abi=hard -mthumb -o "Src/Convert.o" "../Src/Convert.s"
arm-none-eabi-gcc -o "Lab 8 Temp Sensor.elf" @"objects.list"   -mcpu=cortex-m4 -T"C:\School\Embedded 1\Lab 8 Temp Sensor\STM32F446RETX_FLASH.ld" --specs=nosys.specs -Wl,-Map="Lab 8 Temp Sensor.map" -Wl,--gc-sections -static --specs=nano.specs -mfpu=fpv4-sp-d16 -mfloat-abi=hard -mthumb -Wl,--start-group -lc -lm -Wl,--end-group
Finished building target: Lab 8 Temp Sensor.elf
 
arm-none-eabi-objdump -h -S  Lab\ 8\ Temp\ Sensor.elf  > "Lab 8 Temp Sensor.list"
arm-none-eabi-size   Lab\ 8\ Temp\ Sensor.elf 
   text	   data	    bss	    dec	    hex	filename
   3460	    132	   1564	   5156	   1424	Lab 8 Temp Sensor.elf
Finished building: default.size.stdout
Finished building: Lab 8 Temp Sensor.list
 
 
16:33:57 **** Incremental Build of configuration Debug for project Lab 8 Temp Sensor ****
make -j8 all 
arm-none-eabi-gcc -mcpu=cortex-m4 -g3 -c -x assembler-with-cpp --specs=nano.specs -mfpu=fpv4-sp-d16 -mfloat-abi=hard -mthumb -o "Src/adc.o" "../Src/adc.s"
arm-none-eabi-gcc -o "Lab 8 Temp Sensor.elf" @"objects.list"   -mcpu=cortex-m4 -T"C:\School\Embedded 1\Lab 8 Temp Sensor\STM32F446RETX_FLASH.ld" --specs=nosys.specs -Wl,-Map="Lab 8 Temp Sensor.map" -Wl,--gc-sections -static --specs=nano.specs -mfpu=fpv4-sp-d16 -mfloat-abi=hard -mthumb -Wl,--start-group -lc -lm -Wl,--end-group
Finished building target: Lab 8 Temp Sensor.elf
 
arm-none-eabi-objdump -h -S  Lab\ 8\ Temp\ Sensor.elf  > "Lab 8 Temp Sensor.list"
arm-none-eabi-size   Lab\ 8\ Temp\ Sensor.elf 
   text	   data	    bss	    dec	    hex	filename
   3460	    132	   1564	   5156	   1424	Lab 8 Temp Sensor.elf
Finished building: default.size.stdout
Finished building: Lab 8 Temp Sensor.list
 
 
16:34:22 **** Incremental Build of configuration Debug for project Lab 8 Temp Sensor ****
make -j8 all 
arm-none-eabi-size   Lab\ 8\ Temp\ Sensor.elf 
   text	   data	    bss	    dec	    hex	filename
   3460	    132	   1564	   5156	   1424	Lab 8 Temp Sensor.elf
Finished building: default.size.stdout
 
16:34:54 **** Incremental Build of configuration Debug for project Lab 8 Temp Sensor ****
make -j8 all 
arm-none-eabi-gcc -mcpu=cortex-m4 -g3 -c -x assembler-with-cpp --specs=nano.specs -mfpu=fpv4-sp-d16 -mfloat-abi=hard -mthumb -o "Src/adc.o" "../Src/adc.s"
arm-none-eabi-gcc -o "Lab 8 Temp Sensor.elf" @"objects.list"   -mcpu=cortex-m4 -T"C:\School\Embedded 1\Lab 8 Temp Sensor\STM32F446RETX_FLASH.ld" --specs=nosys.specs -Wl,-Map="Lab 8 Temp Sensor.map" -Wl,--gc-sections -static --specs=nano.specs -mfpu=fpv4-sp-d16 -mfloat-abi=hard -mthumb -Wl,--start-group -lc -lm -Wl,--end-group
Finished building target: Lab 8 Temp Sensor.elf
 
arm-none-eabi-objdump -h -S  Lab\ 8\ Temp\ Sensor.elf  > "Lab 8 Temp Sensor.list"
arm-none-eabi-size   Lab\ 8\ Temp\ Sensor.elf 
   text	   data	    bss	    dec	    hex	filename
   3460	    132	   1564	   5156	   1424	Lab 8 Temp Sensor.elf
Finished building: default.size.stdout
Finished building: Lab 8 Temp Sensor.list
 
 
16:38:48 **** Incremental Build of configuration Debug for project Lab 8 Temp Sensor ****
make -j8 all 
arm-none-eabi-gcc -mcpu=cortex-m4 -g3 -c -x assembler-with-cpp --specs=nano.specs -mfpu=fpv4-sp-d16 -mfloat-abi=hard -mthumb -o "Src/Convert.o" "../Src/Convert.s"
arm-none-eabi-gcc -o "Lab 8 Temp Sensor.elf" @"objects.list"   -mcpu=cortex-m4 -T"C:\School\Embedded 1\Lab 8 Temp Sensor\STM32F446RETX_FLASH.ld" --specs=nosys.specs -Wl,-Map="Lab 8 Temp Sensor.map" -Wl,--gc-sections -static --specs=nano.specs -mfpu=fpv4-sp-d16 -mfloat-abi=hard -mthumb -Wl,--start-group -lc -lm -Wl,--end-group
Finished building target: Lab 8 Temp Sensor.elf
 
arm-none-eabi-objdump -h -S  Lab\ 8\ Temp\ Sensor.elf  > "Lab 8 Temp Sensor.list"
arm-none-eabi-size   Lab\ 8\ Temp\ Sensor.elf 
   text	   data	    bss	    dec	    hex	filename
   3460	    132	   1564	   5156	   1424	Lab 8 Temp Sensor.elf
Finished building: default.size.stdout
Finished building: Lab 8 Temp Sensor.list
 
 
16:41:47 **** Incremental Build of configuration Debug for project Lab 8 Temp Sensor ****
make -j8 all 
arm-none-eabi-gcc -mcpu=cortex-m4 -g3 -c -x assembler-with-cpp --specs=nano.specs -mfpu=fpv4-sp-d16 -mfloat-abi=hard -mthumb -o "Src/Convert.o" "../Src/Convert.s"
arm-none-eabi-gcc -o "Lab 8 Temp Sensor.elf" @"objects.list"   -mcpu=cortex-m4 -T"C:\School\Embedded 1\Lab 8 Temp Sensor\STM32F446RETX_FLASH.ld" --specs=nosys.specs -Wl,-Map="Lab 8 Temp Sensor.map" -Wl,--gc-sections -static --specs=nano.specs -mfpu=fpv4-sp-d16 -mfloat-abi=hard -mthumb -Wl,--start-group -lc -lm -Wl,--end-group
Finished building target: Lab 8 Temp Sensor.elf
 
arm-none-eabi-objdump -h -S  Lab\ 8\ Temp\ Sensor.elf  > "Lab 8 Temp Sensor.list"
arm-none-eabi-size   Lab\ 8\ Temp\ Sensor.elf 
   text	   data	    bss	    dec	    hex	filename
   3464	    132	   1564	   5160	   1428	Lab 8 Temp Sensor.elf
Finished building: default.size.stdout
Finished building: Lab 8 Temp Sensor.list
 
 
09:51:49 **** Incremental Build of configuration Debug for project Lab 8 Temp Sensor ****
make -j8 all 
arm-none-eabi-gcc -mcpu=cortex-m4 -g3 -c -x assembler-with-cpp --specs=nano.specs -mfpu=fpv4-sp-d16 -mfloat-abi=hard -mthumb -o "Src/Main.o" "../Src/Main.s"
arm-none-eabi-gcc -mcpu=cortex-m4 -g3 -c -x assembler-with-cpp --specs=nano.specs -mfpu=fpv4-sp-d16 -mfloat-abi=hard -mthumb -o "Src/keypad.o" "../Src/keypad.s"
arm-none-eabi-gcc -mcpu=cortex-m4 -g3 -c -x assembler-with-cpp --specs=nano.specs -mfpu=fpv4-sp-d16 -mfloat-abi=hard -mthumb -o "Src/timer.o" "../Src/timer.s"
arm-none-eabi-gcc -o "Lab 8 Temp Sensor.elf" @"objects.list"   -mcpu=cortex-m4 -T"C:\School\Embedded 1\Lab 8 Temp Sensor\STM32F446RETX_FLASH.ld" --specs=nosys.specs -Wl,-Map="Lab 8 Temp Sensor.map" -Wl,--gc-sections -static --specs=nano.specs -mfpu=fpv4-sp-d16 -mfloat-abi=hard -mthumb -Wl,--start-group -lc -lm -Wl,--end-group
Finished building target: Lab 8 Temp Sensor.elf
 
arm-none-eabi-objdump -h -S  Lab\ 8\ Temp\ Sensor.elf  > "Lab 8 Temp Sensor.list"
arm-none-eabi-size   Lab\ 8\ Temp\ Sensor.elf 
   text	   data	    bss	    dec	    hex	filename
   3500	    132	   1564	   5196	   144c	Lab 8 Temp Sensor.elf
Finished building: default.size.stdout
Finished building: Lab 8 Temp Sensor.list
 
 
09:52:14 **** Incremental Build of configuration Debug for project Lab 8 Temp Sensor ****
make -j8 all 
arm-none-eabi-size   Lab\ 8\ Temp\ Sensor.elf 
   text	   data	    bss	    dec	    hex	filename
   3500	    132	   1564	   5196	   144c	Lab 8 Temp Sensor.elf
Finished building: default.size.stdout
 
09:55:44 **** Incremental Build of configuration Debug for project Lab 8 Temp Sensor ****
make -j8 all 
arm-none-eabi-gcc -mcpu=cortex-m4 -g3 -c -x assembler-with-cpp --specs=nano.specs -mfpu=fpv4-sp-d16 -mfloat-abi=hard -mthumb -o "Src/Main.o" "../Src/Main.s"
arm-none-eabi-gcc -o "Lab 8 Temp Sensor.elf" @"objects.list"   -mcpu=cortex-m4 -T"C:\School\Embedded 1\Lab 8 Temp Sensor\STM32F446RETX_FLASH.ld" --specs=nosys.specs -Wl,-Map="Lab 8 Temp Sensor.map" -Wl,--gc-sections -static --specs=nano.specs -mfpu=fpv4-sp-d16 -mfloat-abi=hard -mthumb -Wl,--start-group -lc -lm -Wl,--end-group
Finished building target: Lab 8 Temp Sensor.elf
 
arm-none-eabi-objdump -h -S  Lab\ 8\ Temp\ Sensor.elf  > "Lab 8 Temp Sensor.list"
arm-none-eabi-size   Lab\ 8\ Temp\ Sensor.elf 
   text	   data	    bss	    dec	    hex	filename
   3496	    132	   1564	   5192	   1448	Lab 8 Temp Sensor.elf
Finished building: default.size.stdout
Finished building: Lab 8 Temp Sensor.list
 
 
09:57:15 **** Incremental Build of configuration Debug for project Lab 8 Temp Sensor ****
make -j8 all 
arm-none-eabi-gcc -mcpu=cortex-m4 -g3 -c -x assembler-with-cpp --specs=nano.specs -mfpu=fpv4-sp-d16 -mfloat-abi=hard -mthumb -o "Src/timer.o" "../Src/timer.s"
arm-none-eabi-gcc -o "Lab 8 Temp Sensor.elf" @"objects.list"   -mcpu=cortex-m4 -T"C:\School\Embedded 1\Lab 8 Temp Sensor\STM32F446RETX_FLASH.ld" --specs=nosys.specs -Wl,-Map="Lab 8 Temp Sensor.map" -Wl,--gc-sections -static --specs=nano.specs -mfpu=fpv4-sp-d16 -mfloat-abi=hard -mthumb -Wl,--start-group -lc -lm -Wl,--end-group
Finished building target: Lab 8 Temp Sensor.elf
 
arm-none-eabi-objdump -h -S  Lab\ 8\ Temp\ Sensor.elf  > "Lab 8 Temp Sensor.list"
arm-none-eabi-size   Lab\ 8\ Temp\ Sensor.elf 
   text	   data	    bss	    dec	    hex	filename
   3504	    132	   1564	   5200	   1450	Lab 8 Temp Sensor.elf
Finished building: default.size.stdout
Finished building: Lab 8 Temp Sensor.list
 
 
09:58:19 **** Incremental Build of configuration Debug for project Lab 8 Temp Sensor ****
make -j8 all 
arm-none-eabi-gcc -mcpu=cortex-m4 -g3 -c -x assembler-with-cpp --specs=nano.specs -mfpu=fpv4-sp-d16 -mfloat-abi=hard -mthumb -o "Src/Main.o" "../Src/Main.s"
arm-none-eabi-gcc -o "Lab 8 Temp Sensor.elf" @"objects.list"   -mcpu=cortex-m4 -T"C:\School\Embedded 1\Lab 8 Temp Sensor\STM32F446RETX_FLASH.ld" --specs=nosys.specs -Wl,-Map="Lab 8 Temp Sensor.map" -Wl,--gc-sections -static --specs=nano.specs -mfpu=fpv4-sp-d16 -mfloat-abi=hard -mthumb -Wl,--start-group -lc -lm -Wl,--end-group
Finished building target: Lab 8 Temp Sensor.elf
 
arm-none-eabi-objdump -h -S  Lab\ 8\ Temp\ Sensor.elf  > "Lab 8 Temp Sensor.list"
arm-none-eabi-size   Lab\ 8\ Temp\ Sensor.elf 
   text	   data	    bss	    dec	    hex	filename
   3508	    132	   1564	   5204	   1454	Lab 8 Temp Sensor.elf
Finished building: default.size.stdout
Finished building: Lab 8 Temp Sensor.list
 
 
09:58:58 **** Incremental Build of configuration Debug for project Lab 8 Temp Sensor ****
make -j8 all 
arm-none-eabi-gcc -mcpu=cortex-m4 -g3 -c -x assembler-with-cpp --specs=nano.specs -mfpu=fpv4-sp-d16 -mfloat-abi=hard -mthumb -o "Src/timer.o" "../Src/timer.s"
arm-none-eabi-gcc -o "Lab 8 Temp Sensor.elf" @"objects.list"   -mcpu=cortex-m4 -T"C:\School\Embedded 1\Lab 8 Temp Sensor\STM32F446RETX_FLASH.ld" --specs=nosys.specs -Wl,-Map="Lab 8 Temp Sensor.map" -Wl,--gc-sections -static --specs=nano.specs -mfpu=fpv4-sp-d16 -mfloat-abi=hard -mthumb -Wl,--start-group -lc -lm -Wl,--end-group
Finished building target: Lab 8 Temp Sensor.elf
 
arm-none-eabi-objdump -h -S  Lab\ 8\ Temp\ Sensor.elf  > "Lab 8 Temp Sensor.list"
arm-none-eabi-size   Lab\ 8\ Temp\ Sensor.elf 
   text	   data	    bss	    dec	    hex	filename
   3508	    132	   1564	   5204	   1454	Lab 8 Temp Sensor.elf
Finished building: default.size.stdout
Finished building: Lab 8 Temp Sensor.list
 
 
09:59:42 **** Incremental Build of configuration Debug for project Lab 8 Temp Sensor ****
make -j8 all 
arm-none-eabi-gcc -mcpu=cortex-m4 -g3 -c -x assembler-with-cpp --specs=nano.specs -mfpu=fpv4-sp-d16 -mfloat-abi=hard -mthumb -o "Src/timer.o" "../Src/timer.s"
arm-none-eabi-gcc -o "Lab 8 Temp Sensor.elf" @"objects.list"   -mcpu=cortex-m4 -T"C:\School\Embedded 1\Lab 8 Temp Sensor\STM32F446RETX_FLASH.ld" --specs=nosys.specs -Wl,-Map="Lab 8 Temp Sensor.map" -Wl,--gc-sections -static --specs=nano.specs -mfpu=fpv4-sp-d16 -mfloat-abi=hard -mthumb -Wl,--start-group -lc -lm -Wl,--end-group
Finished building target: Lab 8 Temp Sensor.elf
 
arm-none-eabi-objdump -h -S  Lab\ 8\ Temp\ Sensor.elf  > "Lab 8 Temp Sensor.list"
arm-none-eabi-size   Lab\ 8\ Temp\ Sensor.elf 
   text	   data	    bss	    dec	    hex	filename
   3508	    132	   1564	   5204	   1454	Lab 8 Temp Sensor.elf
Finished building: default.size.stdout
Finished building: Lab 8 Temp Sensor.list
 
 
10:01:06 **** Incremental Build of configuration Debug for project Lab 8 Temp Sensor ****
make -j8 all 
arm-none-eabi-gcc -mcpu=cortex-m4 -g3 -c -x assembler-with-cpp --specs=nano.specs -mfpu=fpv4-sp-d16 -mfloat-abi=hard -mthumb -o "Src/timer.o" "../Src/timer.s"
arm-none-eabi-gcc -o "Lab 8 Temp Sensor.elf" @"objects.list"   -mcpu=cortex-m4 -T"C:\School\Embedded 1\Lab 8 Temp Sensor\STM32F446RETX_FLASH.ld" --specs=nosys.specs -Wl,-Map="Lab 8 Temp Sensor.map" -Wl,--gc-sections -static --specs=nano.specs -mfpu=fpv4-sp-d16 -mfloat-abi=hard -mthumb -Wl,--start-group -lc -lm -Wl,--end-group
Finished building target: Lab 8 Temp Sensor.elf
 
arm-none-eabi-objdump -h -S  Lab\ 8\ Temp\ Sensor.elf  > "Lab 8 Temp Sensor.list"
arm-none-eabi-size   Lab\ 8\ Temp\ Sensor.elf 
   text	   data	    bss	    dec	    hex	filename
   3508	    132	   1564	   5204	   1454	Lab 8 Temp Sensor.elf
Finished building: default.size.stdout
Finished building: Lab 8 Temp Sensor.list
 
 
10:01:46 **** Incremental Build of configuration Debug for project Lab 8 Temp Sensor ****
make -j8 all 
arm-none-eabi-gcc -mcpu=cortex-m4 -g3 -c -x assembler-with-cpp --specs=nano.specs -mfpu=fpv4-sp-d16 -mfloat-abi=hard -mthumb -o "Src/timer.o" "../Src/timer.s"
arm-none-eabi-gcc -o "Lab 8 Temp Sensor.elf" @"objects.list"   -mcpu=cortex-m4 -T"C:\School\Embedded 1\Lab 8 Temp Sensor\STM32F446RETX_FLASH.ld" --specs=nosys.specs -Wl,-Map="Lab 8 Temp Sensor.map" -Wl,--gc-sections -static --specs=nano.specs -mfpu=fpv4-sp-d16 -mfloat-abi=hard -mthumb -Wl,--start-group -lc -lm -Wl,--end-group
Finished building target: Lab 8 Temp Sensor.elf
 
arm-none-eabi-objdump -h -S  Lab\ 8\ Temp\ Sensor.elf  > "Lab 8 Temp Sensor.list"
arm-none-eabi-size   Lab\ 8\ Temp\ Sensor.elf 
   text	   data	    bss	    dec	    hex	filename
   3508	    132	   1564	   5204	   1454	Lab 8 Temp Sensor.elf
Finished building: default.size.stdout
Finished building: Lab 8 Temp Sensor.list
 
 
10:02:54 **** Incremental Build of configuration Debug for project Lab 8 Temp Sensor ****
make -j8 all 
arm-none-eabi-gcc -mcpu=cortex-m4 -g3 -c -x assembler-with-cpp --specs=nano.specs -mfpu=fpv4-sp-d16 -mfloat-abi=hard -mthumb -o "Src/timer.o" "../Src/timer.s"
arm-none-eabi-gcc -o "Lab 8 Temp Sensor.elf" @"objects.list"   -mcpu=cortex-m4 -T"C:\School\Embedded 1\Lab 8 Temp Sensor\STM32F446RETX_FLASH.ld" --specs=nosys.specs -Wl,-Map="Lab 8 Temp Sensor.map" -Wl,--gc-sections -static --specs=nano.specs -mfpu=fpv4-sp-d16 -mfloat-abi=hard -mthumb -Wl,--start-group -lc -lm -Wl,--end-group
Finished building target: Lab 8 Temp Sensor.elf
 
arm-none-eabi-objdump -h -S  Lab\ 8\ Temp\ Sensor.elf  > "Lab 8 Temp Sensor.list"
arm-none-eabi-size   Lab\ 8\ Temp\ Sensor.elf 
   text	   data	    bss	    dec	    hex	filename
   3488	    132	   1564	   5184	   1440	Lab 8 Temp Sensor.elf
Finished building: default.size.stdout
Finished building: Lab 8 Temp Sensor.list
 
 
