10:02:54 **** Incremental Build of configuration Debug for project Lab 8 Temp Sensor ****
make -j8 all 
arm-none-eabi-gcc -mcpu=cortex-m4 -g3 -c -x assembler-with-cpp --specs=nano.specs -mfpu=fpv4-sp-d16 -mfloat-abi=hard -mthumb -o "Src/timer.o" "../Src/timer.s"
arm-none-eabi-gcc -o "Lab 8 Temp Sensor.elf" @"objects.list"   -mcpu=cortex-m4 -T"C:\School\Embedded 1\Lab 8 Temp Sensor\STM32F446RETX_FLASH.ld" --specs=nosys.specs -Wl,-Map="Lab 8 Temp Sensor.map" -Wl,--gc-sections -static --specs=nano.specs -mfpu=fpv4-sp-d16 -mfloat-abi=hard -mthumb -Wl,--start-group -lc -lm -Wl,--end-group
Finished building target: Lab 8 Temp Sensor.elf
 
arm-none-eabi-objdump -h -S  Lab\ 8\ Temp\ Sensor.elf  > "Lab 8 Temp Sensor.list"
arm-none-eabi-size   Lab\ 8\ Temp\ Sensor.elf 
   text	   data	    bss	    dec	    hex	filename
   3488	    132	   1564	   5184	   1440	Lab 8 Temp Sensor.elf
Finished building: default.size.stdout
Finished building: Lab 8 Temp Sensor.list
 
 

10:02:58 Build Finished. 0 errors, 0 warnings. (took 3s.974ms)

