23:21:14 **** Incremental Build of configuration Debug for project Lab 4 - Console ****
make -j8 all 
arm-none-eabi-gcc "../Src/main.c" -mcpu=cortex-m4 -std=gnu11 -g3 -DSTM32 -DSTM32F4 -DSTM32F446RETx -DDEBUG -c -I../Inc -O0 -ffunction-sections -fdata-sections -Wall -fstack-usage -MMD -MP -MF"Src/main.d" -MT"Src/main.o" --specs=nano.specs -mfpu=fpv4-sp-d16 -mfloat-abi=hard -mthumb -o "Src/main.o"
arm-none-eabi-gcc -o "Lab 4 - Console.elf" @"objects.list"   -mcpu=cortex-m4 -T"C:\School\Embedded 2\Lab 4 - Console\STM32F446RETX_FLASH.ld" --specs=nosys.specs -Wl,-Map="Lab 4 - Console.map" -Wl,--gc-sections -static --specs=nano.specs -mfpu=fpv4-sp-d16 -mfloat-abi=hard -mthumb -Wl,--start-group -lc -lm -Wl,--end-group
Finished building target: Lab 4 - Console.elf
 
arm-none-eabi-objdump -h -S  Lab\ 4\ -\ Console.elf  > "Lab 4 - Console.list"
arm-none-eabi-size   Lab\ 4\ -\ Console.elf 
   text	   data	    bss	    dec	    hex	filename
   9684	    472	   1584	  11740	   2ddc	Lab 4 - Console.elf
Finished building: default.size.stdout
Finished building: Lab 4 - Console.list
 
 

23:21:18 Build Finished. 0 errors, 0 warnings. (took 3s.997ms)

